뿯붿=== MULTI-TENANT ADMIN API TEST SUITE ===

[1] Logging in as admin@neostore.com...
    뿯ν뿯½뿯½ Login successful. Company: Neo-Store Corporation

[2] Testing API Read Endpoints (Neo-Store)...
    뿯ν뿯½뿯½ [200] /api/admin/dashboard/stats/ -> Received 11 items
    뿯ν뿯½뿯½ [200] /api/admin/products/ -> Received 5 items
    뿯ν뿯½뿯½ [200] /api/admin/orders/ -> Received 0 items
node :     뿯ν뿯½뿯½ [500] /api/admin/customers/ FAILED: <!DOCTYPE html>
At line:1 char:1
+ node test_admin_api.cjs > test_output.txt 2>&1; Select-String -Path t ...
+ ~~~~~~~~~~~~~~~~~~~~~~~~~~~~~~~~~~~~~~~~~~~~~~
    + CategoryInfo          : NotSpecified: (    뿯ν뿯½뿯½ [500] /...<!DOCTYPE html>:String) [], RemoteException
    + FullyQualifiedErrorId : NativeCommandError
 
<html lang="en">
<head>
  <meta http-equiv="content-type" content="text/html; charset=utf-8">
  <meta name="robots" content="NONE,NOARCHIVE">
  <title>FieldError
          at /api/admin/customers/</title>
  <style>
    html * { padding:0; margin:0; }
    body * { padding:10px 20px; }
    body * * { padding:0; }
    body { font-family: sans-serif; background-color:#fff; color:#000; }
    body > :where(header, main, footer) { border-bottom:1px solid #ddd; }
    h1 { font-weight:normal; }
    h2 { margin-bottom:.8em; }
    h3 { margin:1em 0 .5em 0; }
    h4 { margin:0 0 .5em 0; font-weight: normal; }
    code, pre { font-size: 100%; white-space: pre-wrap; word-break: break-word; }
    summary { cursor: pointer; }
    table { border:1px solid #ccc; border-collapse: collapse; width:100%; background:white; }
    tbody td, tbody th { vertical-align:top; padding:2px 3px; }
    thead th {
      padding:1px 6px 1px 3px; background:#fefefe; text-align:left;
      font-weight:normal; font-size: 0.6875rem; border:1px solid #ddd;
    }
    tbody th { width:12em; text-align:right; color:#666; padding-right:.5em; }
    table.vars { margin:5px 10px 2px 40px; width: auto; }
    table.vars td, table.req td { font-family:monospace; }
    table td.code { width:100%; }
    table td.code pre { overflow:hidden; }
    table.source th { color:#666; }
    table.source td { font-family:monospace; white-space:pre; border-bottom:1px solid #eee; }
    ul.traceback { list-style-type:none; color: #222; }
    ul.traceback li.cause { word-break: break-word; }
    ul.traceback li.frame { padding-bottom:1em; color:#4f4f4f; }
    ul.traceback li.user { background-color:#e0e0e0; color:#000 }
    div.context { padding:10px 0; overflow:hidden; }
    div.context ol { padding-left:30px; margin:0 10px; list-style-position: inside; }
    div.context ol li { font-family:monospace; white-space:pre; color:#777; cursor:pointer; padding-left: 2px; }
    div.context ol li pre { display:inline; }
    div.context ol.context-line li { color:#464646; background-color:#dfdfdf; padding: 3px 2px; }
    div.context ol.context-line li span { position:absolute; right:32px; }
    .user div.context ol.context-line li { background-color:#bbb; color:#000; }
    .user div.context ol li { color:#666; }
    div.commands, summary.commands { margin-left: 40px; }
    div.commands a, summary.commands { color:#555; text-decoration:none; }
    .user div.commands a { color: black; }
    #summary { background: #ffc; }
    #summary h2 { font-weight: normal; color: #666; }
    #info { padding: 0; }
    #info > * { padding:10px 20px; }
    #explanation { background:#eee; }
    #template, #template-not-exist { background:#f6f6f6; }
    #template-not-exist ul { margin: 0 0 10px 20px; }
    #template-not-exist .postmortem-section { margin-bottom: 3px; }
    #unicode-hint { background:#eee; }
    #traceback { background:#eee; }
    #requestinfo { background:#f6f6f6; padding-left:120px; }
    #summary table { border:none; background:transparent; }
    #requestinfo h2, #requestinfo h3 { position:relative; margin-left:-100px; }
    #requestinfo h3 { margin-bottom:-1em; }
    .error { background: #ffc; }
    .specific { color:#cc3300; font-weight:bold; }
    h2 span.commands { font-size: 0.7rem; font-weight:normal; }
    span.commands a:link {color:#5E5694;}
    pre.exception_value { font-family: sans-serif; color: #575757; font-size: 1.5rem; margin: 10px 0 10px 0; }
    .append-bottom { margin-bottom: 10px; }
    .fname { user-select: all; }
  </style>
  
  <script>
    function hideAll(elems) {
      for (var e = 0; e < elems.length; e++) {
        elems[e].style.display = 'none';
      }
    }
    window.onload = function() {
      hideAll(document.querySelectorAll('ol.pre-context'));
      hideAll(document.querySelectorAll('ol.post-context'));
      hideAll(document.querySelectorAll('div.pastebin'));
    }
    function toggle() {
      for (var i = 0; i < arguments.length; i++) {
        var e = document.getElementById(arguments[i]);
        if (e) {
          e.style.display = e.style.display == 'none' ? 'block': 'none';
        }
      }
      return false;
    }
    function switchPastebinFriendly(link) {
      s1 = "Switch to copy-and-paste view";
      s2 = "Switch back to interactive view";
      link.textContent = link.textContent.trim() == s1 ? s2: s1;
      toggle('browserTraceback', 'pastebinTraceback');
      return false;
    }
  </script>
  
</head>
<body>
<header id="summary">
  <h1>FieldError
       at /api/admin/customers/</h1>
  <pre class="exception_value">Cannot resolve keyword &#x27;order&#x27; into field. Choices are: activities, 
airecommendation, assigned_chats, assigned_tickets, cart_items, chatsession, company, company_id, created_at, email, 
email_verified, emailverificationtoken, firebase_uid, groups, id, is_active, is_admin, is_staff, is_superuser, 
last_login, logentry, name, notes, orders, owned_companies, password, password_reset_tokens, phone_number, possale, 
review, role, serviceticket, staff_profile, updated_at, user_permissions, username, wishlist_items, wishlists</pre>
  <table class="meta">

    <tr>
      <th scope="row">Request Method:</th>
      <td>GET</td>
    </tr>
    <tr>
      <th scope="row">Request URL:</th>
      <td>http://127.0.0.1:8000/api/admin/customers/</td>
    </tr>

    <tr>
      <th scope="row">Django Version:</th>
      <td>5.2.11</td>
    </tr>

    <tr>
      <th scope="row">Exception Type:</th>
      <td>FieldError</td>
    </tr>


    <tr>
      <th scope="row">Exception Value:</th>
      <td><pre>Cannot resolve keyword &#x27;order&#x27; into field. Choices are: activities, airecommendation, 
assigned_chats, assigned_tickets, cart_items, chatsession, company, company_id, created_at, email, email_verified, 
emailverificationtoken, firebase_uid, groups, id, is_active, is_admin, is_staff, is_superuser, last_login, logentry, 
name, notes, orders, owned_companies, password, password_reset_tokens, phone_number, possale, review, role, 
serviceticket, staff_profile, updated_at, user_permissions, username, wishlist_items, wishlists</pre></td>
    </tr>


    <tr>
      <th scope="row">Exception Location:</th>
      <td><span 
class="fname">C:\Users\Del\AppData\Roaming\Python\Python314\site-packages\django\db\models\sql\query.py</span>, line 
1813, in names_to_path</td>
    </tr>


    <tr>
      <th scope="row">Raised during:</th>
      <td>eadmin.views.CustomerListView</td>
    </tr>

    <tr>
      <th scope="row">Python Executable:</th>
      <td>C:\Python314\python.exe</td>
    </tr>
    <tr>
      <th scope="row">Python Version:</th>
      <td>3.14.3</td>
    </tr>
    <tr>
      <th scope="row">Python Path:</th>
      <td><pre><code>[&#x27;C:\\Users\\Del\\Documents\\code\\algoflow &#x27;
 &#x27;architecture\\files\\algoflow-multivendor-saas-complete\\algoflow-e1\\backend&#x27;,
 &#x27;C:\\Users\\Del\\Documents\\code\\algoflow &#x27;
 &#x27;architecture\\files\\algoflow-multivendor-saas-complete\\algoflow-e1\\backend&#x27;,
 &#x27;C:\\Python314\\python314.zip&#x27;,
 &#x27;C:\\Python314\\DLLs&#x27;,
 &#x27;C:\\Python314\\Lib&#x27;,
 &#x27;C:\\Python314&#x27;,
 &#x27;C:\\Users\\Del\\AppData\\Roaming\\Python\\Python314\\site-packages&#x27;,
 &#x27;C:\\Python314\\Lib\\site-packages&#x27;]</code></pre></td>
    </tr>
    <tr>
      <th scope="row">Server time:</th>
      <td>Sun, 17 May 2026 09:26:03 +0000</td>
    </tr>
  </table>
</header>

<main id="info">




<div id="traceback">
  <h2>Traceback <span class="commands"><a href="#" role="button" onclick="return switchPastebinFriendly(this);">
    Switch to copy-and-paste view</a></span>
  </h2>
  <div id="browserTraceback">
    <ul class="traceback">
      
        
        <li class="frame django">
          
            <code 
class="fname">C:\Users\Del\AppData\Roaming\Python\Python314\site-packages\django\core\handlers\exception.py</code>, 
line 55, in inner
          

          
            <div class="context" id="c1489659142912">
              
                <ol start="48" class="pre-context" id="pre1489659142912">
                
                  <li onclick="toggle('pre1489659142912', 'post1489659142912')"><pre></pre></li>
                
                  <li onclick="toggle('pre1489659142912', 'post1489659142912')"><pre>        return inner</pre></li>
                
                  <li onclick="toggle('pre1489659142912', 'post1489659142912')"><pre>    else:</pre></li>
                
                  <li onclick="toggle('pre1489659142912', 'post1489659142912')"><pre></pre></li>
                
                  <li onclick="toggle('pre1489659142912', 'post1489659142912')"><pre>        
@wraps(get_response)</pre></li>
                
                  <li onclick="toggle('pre1489659142912', 'post1489659142912')"><pre>        def 
inner(request):</pre></li>
                
                  <li onclick="toggle('pre1489659142912', 'post1489659142912')"><pre>            try:</pre></li>
                
                </ol>
              
              <ol start="55" class="context-line">
                <li onclick="toggle('pre1489659142912', 'post1489659142912')"><pre>                response = 
get_response(request)
                               ^^^^^^^^^^^^^^^^^^^^^</pre> <span>뿯ν뿯½뿯½</span></li>
              </ol>
              
                <ol start='56' class="post-context" id="post1489659142912">
                  
                  <li onclick="toggle('pre1489659142912', 'post1489659142912')"><pre>            except Exception as 
exc:</pre></li>
                  
                  <li onclick="toggle('pre1489659142912', 'post1489659142912')"><pre>                response = 
response_for_exception(request, exc)</pre></li>
                  
                  <li onclick="toggle('pre1489659142912', 'post1489659142912')"><pre>            return 
response</pre></li>
                  
                  <li onclick="toggle('pre1489659142912', 'post1489659142912')"><pre></pre></li>
                  
                  <li onclick="toggle('pre1489659142912', 'post1489659142912')"><pre>        return inner</pre></li>
                  
                  <li onclick="toggle('pre1489659142912', 'post1489659142912')"><pre></pre></li>
                  
              </ol>
              
            </div>
          

          
            
              <details>
                <summary class="commands">Local vars</summary>
            
            <table class="vars" id="v1489659142912">
              <thead>
                <tr>
                  <th scope="col">Variable</th>
                  <th scope="col">Value</th>
                </tr>
              </thead>
              <tbody>
                
                  <tr>
                    <td>exc</td>
                    <td class="code"><pre>FieldError(&quot;Cannot resolve keyword &#x27;order&#x27; into field. 
Choices are: activities, airecommendation, assigned_chats, assigned_tickets, cart_items, chatsession, company, 
company_id, created_at, email, email_verified, emailverificationtoken, firebase_uid, groups, id, is_active, is_admin, 
is_staff, is_superuser, last_login, logentry, name, notes, orders, owned_companies, password, password_reset_tokens, 
phone_number, possale, review, role, serviceticket, staff_profile, updated_at, user_permissions, username, 
wishlist_items, wishlists&quot;)</pre></td>
                  </tr>
                
                  <tr>
                    <td>get_response</td>
                    <td class="code"><pre>&lt;bound method BaseHandler._get_response of 
&lt;django.core.handlers.wsgi.WSGIHandler object at 0x0000015AD4051010&gt;&gt;</pre></td>
                  </tr>
                
                  <tr>
                    <td>request</td>
                    <td class="code"><pre>&lt;WSGIRequest: GET &#x27;/api/admin/customers/&#x27;&gt;</pre></td>
                  </tr>
                
              </tbody>
            </table>
            </details>
          
        </li>
      
        
        <li class="frame django">
          
            <code 
class="fname">C:\Users\Del\AppData\Roaming\Python\Python314\site-packages\django\core\handlers\base.py</code>, line 
197, in _get_response
          

          
            <div class="context" id="c1489659142848">
              
                <ol start="190" class="pre-context" id="pre1489659142848">
                
                  <li onclick="toggle('pre1489659142848', 'post1489659142848')"><pre></pre></li>
                
                  <li onclick="toggle('pre1489659142848', 'post1489659142848')"><pre>        if response is 
None:</pre></li>
                
                  <li onclick="toggle('pre1489659142848', 'post1489659142848')"><pre>            wrapped_callback = 
self.make_view_atomic(callback)</pre></li>
                
                  <li onclick="toggle('pre1489659142848', 'post1489659142848')"><pre>            # If it is an 
asynchronous view, run it in a subthread.</pre></li>
                
                  <li onclick="toggle('pre1489659142848', 'post1489659142848')"><pre>            if 
iscoroutinefunction(wrapped_callback):</pre></li>
                
                  <li onclick="toggle('pre1489659142848', 'post1489659142848')"><pre>                wrapped_callback 
= async_to_sync(wrapped_callback)</pre></li>
                
                  <li onclick="toggle('pre1489659142848', 'post1489659142848')"><pre>            try:</pre></li>
                
                </ol>
              
              <ol start="197" class="context-line">
                <li onclick="toggle('pre1489659142848', 'post1489659142848')"><pre>                response = 
wrapped_callback(request, *callback_args, **callback_kwargs)
                                ^^^^^^^^^^^^^^^^^^^^^^^^^^^^^^^^^^^^^^^^^^^^^^^^^^^^^^^^^^^^</pre> 
<span>뿯ν뿯½뿯½</span></li>
              </ol>
              
                <ol start='198' class="post-context" id="post1489659142848">
                  
                  <li onclick="toggle('pre1489659142848', 'post1489659142848')"><pre>            except Exception as 
e:</pre></li>
                  
                  <li onclick="toggle('pre1489659142848', 'post1489659142848')"><pre>                response = 
self.process_exception_by_middleware(e, request)</pre></li>
                  
                  <li onclick="toggle('pre1489659142848', 'post1489659142848')"><pre>                if response is 
None:</pre></li>
                  
                  <li onclick="toggle('pre1489659142848', 'post1489659142848')"><pre>                    
raise</pre></li>
                  
                  <li onclick="toggle('pre1489659142848', 'post1489659142848')"><pre></pre></li>
                  
                  <li onclick="toggle('pre1489659142848', 'post1489659142848')"><pre>        # Complain if the view 
returned None (a common error).</pre></li>
                  
              </ol>
              
            </div>
          

          
            
              <details>
                <summary class="commands">Local vars</summary>
            
            <table class="vars" id="v1489659142848">
              <thead>
                <tr>
                  <th scope="col">Variable</th>
                  <th scope="col">Value</th>
                </tr>
              </thead>
              <tbody>
                
                  <tr>
                    <td>callback</td>
                    <td class="code"><pre>&lt;function CustomerListView at 0x0000015AD5D40300&gt;</pre></td>
                  </tr>
                
                  <tr>
                    <td>callback_args</td>
                    <td class="code"><pre>()</pre></td>
                  </tr>
                
                  <tr>
                    <td>callback_kwargs</td>
                    <td class="code"><pre>{}</pre></td>
                  </tr>
                
                  <tr>
                    <td>middleware_method</td>
                    <td class="code"><pre>&lt;bound method CsrfViewMiddleware.process_view of &lt;CsrfViewMiddleware 
get_response=convert_exception_to_response.&lt;locals&gt;.inner&gt;&gt;</pre></td>
                  </tr>
                
                  <tr>
                    <td>request</td>
                    <td class="code"><pre>&lt;WSGIRequest: GET &#x27;/api/admin/customers/&#x27;&gt;</pre></td>
                  </tr>
                
                  <tr>
                    <td>response</td>
                    <td class="code"><pre>None</pre></td>
                  </tr>
                
                  <tr>
                    <td>self</td>
                    <td class="code"><pre>&lt;django.core.handlers.wsgi.WSGIHandler object at 
0x0000015AD4051010&gt;</pre></td>
                  </tr>
                
                  <tr>
                    <td>wrapped_callback</td>
                    <td class="code"><pre>&lt;function CustomerListView at 0x0000015AD5D40300&gt;</pre></td>
                  </tr>
                
              </tbody>
            </table>
            </details>
          
        </li>
      
        
        <li class="frame django">
          
            <code 
class="fname">C:\Users\Del\AppData\Roaming\Python\Python314\site-packages\django\views\decorators\csrf.py</code>, line 
65, in _view_wrapper
          

          
            <div class="context" id="c1489659142784">
              
                <ol start="58" class="pre-context" id="pre1489659142784">
                
                  <li onclick="toggle('pre1489659142784', 'post1489659142784')"><pre></pre></li>
                
                  <li onclick="toggle('pre1489659142784', 'post1489659142784')"><pre>        async def 
_view_wrapper(request, *args, **kwargs):</pre></li>
                
                  <li onclick="toggle('pre1489659142784', 'post1489659142784')"><pre>            return await 
view_func(request, *args, **kwargs)</pre></li>
                
                  <li onclick="toggle('pre1489659142784', 'post1489659142784')"><pre></pre></li>
                
                  <li onclick="toggle('pre1489659142784', 'post1489659142784')"><pre>    else:</pre></li>
                
                  <li onclick="toggle('pre1489659142784', 'post1489659142784')"><pre></pre></li>
                
                  <li onclick="toggle('pre1489659142784', 'post1489659142784')"><pre>        def 
_view_wrapper(request, *args, **kwargs):</pre></li>
                
                </ol>
              
              <ol start="65" class="context-line">
                <li onclick="toggle('pre1489659142784', 'post1489659142784')"><pre>            return 
view_func(request, *args, **kwargs)
                       ^^^^^^^^^^^^^^^^^^^^^^^^^^^^^^^^^^^</pre> <span>뿯ν뿯½뿯½</span></li>
              </ol>
              
                <ol start='66' class="post-context" id="post1489659142784">
                  
                  <li onclick="toggle('pre1489659142784', 'post1489659142784')"><pre></pre></li>
                  
                  <li onclick="toggle('pre1489659142784', 'post1489659142784')"><pre>    _view_wrapper.csrf_exempt = 
True</pre></li>
                  
                  <li onclick="toggle('pre1489659142784', 'post1489659142784')"><pre></pre></li>
                  
                  <li onclick="toggle('pre1489659142784', 'post1489659142784')"><pre>    return 
wraps(view_func)(_view_wrapper)</pre></li>
                  
              </ol>
              
            </div>
          

          
            
              <details>
                <summary class="commands">Local vars</summary>
            
            <table class="vars" id="v1489659142784">
              <thead>
                <tr>
                  <th scope="col">Variable</th>
                  <th scope="col">Value</th>
                </tr>
              </thead>
              <tbody>
                
                  <tr>
                    <td>args</td>
                    <td class="code"><pre>()</pre></td>
                  </tr>
                
                  <tr>
                    <td>kwargs</td>
                    <td class="code"><pre>{}</pre></td>
                  </tr>
                
                  <tr>
                    <td>request</td>
                    <td class="code"><pre>&lt;WSGIRequest: GET &#x27;/api/admin/customers/&#x27;&gt;</pre></td>
                  </tr>
                
                  <tr>
                    <td>view_func</td>
                    <td class="code"><pre>&lt;function CustomerListView at 0x0000015AD5D40250&gt;</pre></td>
                  </tr>
                
              </tbody>
            </table>
            </details>
          
        </li>
      
        
        <li class="frame user">
          
            <code 
class="fname">C:\Users\Del\AppData\Roaming\Python\Python314\site-packages\rest_framework\viewsets.py</code>, line 125, 
in view
          

          
            <div class="context" id="c1489659142720">
              
                <ol start="118" class="pre-context" id="pre1489659142720">
                
                  <li onclick="toggle('pre1489659142720', 'post1489659142720')"><pre>                setattr(self, 
method, handler)</pre></li>
                
                  <li onclick="toggle('pre1489659142720', 'post1489659142720')"><pre></pre></li>
                
                  <li onclick="toggle('pre1489659142720', 'post1489659142720')"><pre>            self.request = 
request</pre></li>
                
                  <li onclick="toggle('pre1489659142720', 'post1489659142720')"><pre>            self.args = 
args</pre></li>
                
                  <li onclick="toggle('pre1489659142720', 'post1489659142720')"><pre>            self.kwargs = 
kwargs</pre></li>
                
                  <li onclick="toggle('pre1489659142720', 'post1489659142720')"><pre></pre></li>
                
                  <li onclick="toggle('pre1489659142720', 'post1489659142720')"><pre>            # And continue as 
usual</pre></li>
                
                </ol>
              
              <ol start="125" class="context-line">
                <li onclick="toggle('pre1489659142720', 'post1489659142720')"><pre>            return 
self.dispatch(request, *args, **kwargs)
                        ^^^^^^^^^^^^^^^^^^^^^^^^^^^^^^^^^^^^^^^</pre> <span>뿯ν뿯½뿯½</span></li>
              </ol>
              
                <ol start='126' class="post-context" id="post1489659142720">
                  
                  <li onclick="toggle('pre1489659142720', 'post1489659142720')"><pre></pre></li>
                  
                  <li onclick="toggle('pre1489659142720', 'post1489659142720')"><pre>        # take name and docstring 
from class</pre></li>
                  
                  <li onclick="toggle('pre1489659142720', 'post1489659142720')"><pre>        update_wrapper(view, cls, 
updated=())</pre></li>
                  
                  <li onclick="toggle('pre1489659142720', 'post1489659142720')"><pre></pre></li>
                  
                  <li onclick="toggle('pre1489659142720', 'post1489659142720')"><pre>        # and possible attributes 
set by decorators</pre></li>
                  
                  <li onclick="toggle('pre1489659142720', 'post1489659142720')"><pre>        # like csrf_exempt from 
dispatch</pre></li>
                  
              </ol>
              
            </div>
          

          
            
              <details>
                <summary class="commands">Local vars</summary>
            
            <table class="vars" id="v1489659142720">
              <thead>
                <tr>
                  <th scope="col">Variable</th>
                  <th scope="col">Value</th>
                </tr>
              </thead>
              <tbody>
                
                  <tr>
                    <td>action</td>
                    <td class="code"><pre>&#x27;list&#x27;</pre></td>
                  </tr>
                
                  <tr>
                    <td>actions</td>
                    <td class="code"><pre>{&#x27;get&#x27;: &#x27;list&#x27;, &#x27;head&#x27;: &#x27;list&#x27;, 
&#x27;post&#x27;: &#x27;create&#x27;}</pre></td>
                  </tr>
                
                  <tr>
                    <td>args</td>
                    <td class="code"><pre>()</pre></td>
                  </tr>
                
                  <tr>
                    <td>cls</td>
                    <td class="code"><pre>&lt;class &#x27;eadmin.views.CustomerListView&#x27;&gt;</pre></td>
                  </tr>
                
                  <tr>
                    <td>handler</td>
                    <td class="code"><pre>&lt;bound method ListModelMixin.list of &lt;eadmin.views.CustomerListView 
object at 0x0000015AD6912AD0&gt;&gt;</pre></td>
                  </tr>
                
                  <tr>
                    <td>initkwargs</td>
                    <td class="code"><pre>{&#x27;basename&#x27;: &#x27;admin-customers&#x27;, &#x27;detail&#x27;: 
False, &#x27;suffix&#x27;: &#x27;List&#x27;}</pre></td>
                  </tr>
                
                  <tr>
                    <td>kwargs</td>
                    <td class="code"><pre>{}</pre></td>
                  </tr>
                
                  <tr>
                    <td>method</td>
                    <td class="code"><pre>&#x27;head&#x27;</pre></td>
                  </tr>
                
                  <tr>
                    <td>request</td>
                    <td class="code"><pre>&lt;WSGIRequest: GET &#x27;/api/admin/customers/&#x27;&gt;</pre></td>
                  </tr>
                
                  <tr>
                    <td>self</td>
                    <td class="code"><pre>&lt;eadmin.views.CustomerListView object at 0x0000015AD6912AD0&gt;</pre></td>
                  </tr>
                
              </tbody>
            </table>
            </details>
          
        </li>
      
        
        <li class="frame user">
          
            <code 
class="fname">C:\Users\Del\AppData\Roaming\Python\Python314\site-packages\rest_framework\views.py</code>, line 515, in 
dispatch
          

          
            <div class="context" id="c1489659142528">
              
                <ol start="508" class="pre-context" id="pre1489659142528">
                
                  <li onclick="toggle('pre1489659142528', 'post1489659142528')"><pre>                                  
self.http_method_not_allowed)</pre></li>
                
                  <li onclick="toggle('pre1489659142528', 'post1489659142528')"><pre>            else:</pre></li>
                
                  <li onclick="toggle('pre1489659142528', 'post1489659142528')"><pre>                handler = 
self.http_method_not_allowed</pre></li>
                
                  <li onclick="toggle('pre1489659142528', 'post1489659142528')"><pre></pre></li>
                
                  <li onclick="toggle('pre1489659142528', 'post1489659142528')"><pre>            response = 
handler(request, *args, **kwargs)</pre></li>
                
                  <li onclick="toggle('pre1489659142528', 'post1489659142528')"><pre></pre></li>
                
                  <li onclick="toggle('pre1489659142528', 'post1489659142528')"><pre>        except Exception as 
exc:</pre></li>
                
                </ol>
              
              <ol start="515" class="context-line">
                <li onclick="toggle('pre1489659142528', 'post1489659142528')"><pre>            response = 
self.handle_exception(exc)
                            ^^^^^^^^^^^^^^^^^^^^^^^^^^</pre> <span>뿯ν뿯½뿯½</span></li>
              </ol>
              
                <ol start='516' class="post-context" id="post1489659142528">
                  
                  <li onclick="toggle('pre1489659142528', 'post1489659142528')"><pre></pre></li>
                  
                  <li onclick="toggle('pre1489659142528', 'post1489659142528')"><pre>        self.response = 
self.finalize_response(request, response, *args, **kwargs)</pre></li>
                  
                  <li onclick="toggle('pre1489659142528', 'post1489659142528')"><pre>        return 
self.response</pre></li>
                  
                  <li onclick="toggle('pre1489659142528', 'post1489659142528')"><pre></pre></li>
                  
                  <li onclick="toggle('pre1489659142528', 'post1489659142528')"><pre>    def options(self, request, 
*args, **kwargs):</pre></li>
                  
                  <li onclick="toggle('pre1489659142528', 'post1489659142528')"><pre>        
&quot;&quot;&quot;</pre></li>
                  
              </ol>
              
            </div>
          

          
            
              <details>
                <summary class="commands">Local vars</summary>
            
            <table class="vars" id="v1489659142528">
              <thead>
                <tr>
                  <th scope="col">Variable</th>
                  <th scope="col">Value</th>
                </tr>
              </thead>
              <tbody>
                
                  <tr>
                    <td>args</td>
                    <td class="code"><pre>()</pre></td>
                  </tr>
                
                  <tr>
                    <td>handler</td>
                    <td class="code"><pre>&lt;bound method ListModelMixin.list of &lt;eadmin.views.CustomerListView 
object at 0x0000015AD6912AD0&gt;&gt;</pre></td>
                  </tr>
                
                  <tr>
                    <td>kwargs</td>
                    <td class="code"><pre>{}</pre></td>
                  </tr>
                
                  <tr>
                    <td>request</td>
                    <td class="code"><pre>&lt;rest_framework.request.Request: GET 
&#x27;/api/admin/customers/&#x27;&gt;</pre></td>
                  </tr>
                
                  <tr>
                    <td>self</td>
                    <td class="code"><pre>&lt;eadmin.views.CustomerListView object at 0x0000015AD6912AD0&gt;</pre></td>
                  </tr>
                
              </tbody>
            </table>
            </details>
          
        </li>
      
        
        <li class="frame user">
          
            <code 
class="fname">C:\Users\Del\AppData\Roaming\Python\Python314\site-packages\rest_framework\views.py</code>, line 475, in 
handle_exception
          

          
            <div class="context" id="c1489659142464">
              
                <ol start="468" class="pre-context" id="pre1489659142464">
                
                  <li onclick="toggle('pre1489659142464', 'post1489659142464')"><pre></pre></li>
                
                  <li onclick="toggle('pre1489659142464', 'post1489659142464')"><pre>        exception_handler = 
self.get_exception_handler()</pre></li>
                
                  <li onclick="toggle('pre1489659142464', 'post1489659142464')"><pre></pre></li>
                
                  <li onclick="toggle('pre1489659142464', 'post1489659142464')"><pre>        context = 
self.get_exception_handler_context()</pre></li>
                
                  <li onclick="toggle('pre1489659142464', 'post1489659142464')"><pre>        response = 
exception_handler(exc, context)</pre></li>
                
                  <li onclick="toggle('pre1489659142464', 'post1489659142464')"><pre></pre></li>
                
                  <li onclick="toggle('pre1489659142464', 'post1489659142464')"><pre>        if response is 
None:</pre></li>
                
                </ol>
              
              <ol start="475" class="context-line">
                <li onclick="toggle('pre1489659142464', 'post1489659142464')"><pre>            
self.raise_uncaught_exception(exc)
                 ^^^^^^^^^^^^^^^^^^^^^^^^^^^^^^^^^^</pre> <span>뿯ν뿯½뿯½</span></li>
              </ol>
              
                <ol start='476' class="post-context" id="post1489659142464">
                  
                  <li onclick="toggle('pre1489659142464', 'post1489659142464')"><pre></pre></li>
                  
                  <li onclick="toggle('pre1489659142464', 'post1489659142464')"><pre>        response.exception = 
True</pre></li>
                  
                  <li onclick="toggle('pre1489659142464', 'post1489659142464')"><pre>        return response</pre></li>
                  
                  <li onclick="toggle('pre1489659142464', 'post1489659142464')"><pre></pre></li>
                  
                  <li onclick="toggle('pre1489659142464', 'post1489659142464')"><pre>    def 
raise_uncaught_exception(self, exc):</pre></li>
                  
                  <li onclick="toggle('pre1489659142464', 'post1489659142464')"><pre>        if 
settings.DEBUG:</pre></li>
                  
              </ol>
              
            </div>
          

          
            
              <details>
                <summary class="commands">Local vars</summary>
            
            <table class="vars" id="v1489659142464">
              <thead>
                <tr>
                  <th scope="col">Variable</th>
                  <th scope="col">Value</th>
                </tr>
              </thead>
              <tbody>
                
                  <tr>
                    <td>context</td>
                    <td class="code"><pre>{&#x27;args&#x27;: (),
 &#x27;kwargs&#x27;: {},
 &#x27;request&#x27;: &lt;rest_framework.request.Request: GET &#x27;/api/admin/customers/&#x27;&gt;,
 &#x27;view&#x27;: &lt;eadmin.views.CustomerListView object at 0x0000015AD6912AD0&gt;}</pre></td>
                  </tr>
                
                  <tr>
                    <td>exc</td>
                    <td class="code"><pre>FieldError(&quot;Cannot resolve keyword &#x27;order&#x27; into field. 
Choices are: activities, airecommendation, assigned_chats, assigned_tickets, cart_items, chatsession, company, 
company_id, created_at, email, email_verified, emailverificationtoken, firebase_uid, groups, id, is_active, is_admin, 
is_staff, is_superuser, last_login, logentry, name, notes, orders, owned_companies, password, password_reset_tokens, 
phone_number, possale, review, role, serviceticket, staff_profile, updated_at, user_permissions, username, 
wishlist_items, wishlists&quot;)</pre></td>
                  </tr>
                
                  <tr>
                    <td>exception_handler</td>
                    <td class="code"><pre>&lt;function exception_handler at 0x0000015AD5C368D0&gt;</pre></td>
                  </tr>
                
                  <tr>
                    <td>response</td>
                    <td class="code"><pre>None</pre></td>
                  </tr>
                
                  <tr>
                    <td>self</td>
                    <td class="code"><pre>&lt;eadmin.views.CustomerListView object at 0x0000015AD6912AD0&gt;</pre></td>
                  </tr>
                
              </tbody>
            </table>
            </details>
          
        </li>
      
        
        <li class="frame user">
          
            <code 
class="fname">C:\Users\Del\AppData\Roaming\Python\Python314\site-packages\rest_framework\views.py</code>, line 486, in 
raise_uncaught_exception
          

          
            <div class="context" id="c1489659138816">
              
                <ol start="479" class="pre-context" id="pre1489659138816">
                
                  <li onclick="toggle('pre1489659138816', 'post1489659138816')"><pre></pre></li>
                
                  <li onclick="toggle('pre1489659138816', 'post1489659138816')"><pre>    def 
raise_uncaught_exception(self, exc):</pre></li>
                
                  <li onclick="toggle('pre1489659138816', 'post1489659138816')"><pre>        if 
settings.DEBUG:</pre></li>
                
                  <li onclick="toggle('pre1489659138816', 'post1489659138816')"><pre>            request = 
self.request</pre></li>
                
                  <li onclick="toggle('pre1489659138816', 'post1489659138816')"><pre>            renderer_format = 
getattr(request.accepted_renderer, &#x27;format&#x27;)</pre></li>
                
                  <li onclick="toggle('pre1489659138816', 'post1489659138816')"><pre>            
use_plaintext_traceback = renderer_format not in (&#x27;html&#x27;, &#x27;api&#x27;, &#x27;admin&#x27;)</pre></li>
                
                  <li onclick="toggle('pre1489659138816', 'post1489659138816')"><pre>            
request.force_plaintext_errors(use_plaintext_traceback)</pre></li>
                
                </ol>
              
              <ol start="486" class="context-line">
                <li onclick="toggle('pre1489659138816', 'post1489659138816')"><pre>        raise exc
             ^^^^^^^^^</pre> <span>뿯ν뿯½뿯½</span></li>
              </ol>
              
                <ol start='487' class="post-context" id="post1489659138816">
                  
                  <li onclick="toggle('pre1489659138816', 'post1489659138816')"><pre></pre></li>
                  
                  <li onclick="toggle('pre1489659138816', 'post1489659138816')"><pre>    # Note: Views are made CSRF 
exempt from within `as_view` as to prevent</pre></li>
                  
                  <li onclick="toggle('pre1489659138816', 'post1489659138816')"><pre>    # accidental removal of this 
exemption in cases where `dispatch` needs to</pre></li>
                  
                  <li onclick="toggle('pre1489659138816', 'post1489659138816')"><pre>    # be overridden.</pre></li>
                  
                  <li onclick="toggle('pre1489659138816', 'post1489659138816')"><pre>    def dispatch(self, request, 
*args, **kwargs):</pre></li>
                  
                  <li onclick="toggle('pre1489659138816', 'post1489659138816')"><pre>        
&quot;&quot;&quot;</pre></li>
                  
              </ol>
              
            </div>
          

          
            
              <details>
                <summary class="commands">Local vars</summary>
            
            <table class="vars" id="v1489659138816">
              <thead>
                <tr>
                  <th scope="col">Variable</th>
                  <th scope="col">Value</th>
                </tr>
              </thead>
              <tbody>
                
                  <tr>
                    <td>exc</td>
                    <td class="code"><pre>FieldError(&quot;Cannot resolve keyword &#x27;order&#x27; into field. 
Choices are: activities, airecommendation, assigned_chats, assigned_tickets, cart_items, chatsession, company, 
company_id, created_at, email, email_verified, emailverificationtoken, firebase_uid, groups, id, is_active, is_admin, 
is_staff, is_superuser, last_login, logentry, name, notes, orders, owned_companies, password, password_reset_tokens, 
phone_number, possale, review, role, serviceticket, staff_profile, updated_at, user_permissions, username, 
wishlist_items, wishlists&quot;)</pre></td>
                  </tr>
                
                  <tr>
                    <td>renderer_format</td>
                    <td class="code"><pre>&#x27;json&#x27;</pre></td>
                  </tr>
                
                  <tr>
                    <td>request</td>
                    <td class="code"><pre>&lt;rest_framework.request.Request: GET 
&#x27;/api/admin/customers/&#x27;&gt;</pre></td>
                  </tr>
                
                  <tr>
                    <td>self</td>
                    <td class="code"><pre>&lt;eadmin.views.CustomerListView object at 0x0000015AD6912AD0&gt;</pre></td>
                  </tr>
                
                  <tr>
                    <td>use_plaintext_traceback</td>
                    <td class="code"><pre>True</pre></td>
                  </tr>
                
              </tbody>
            </table>
            </details>
          
        </li>
      
        
        <li class="frame user">
          
            <code 
class="fname">C:\Users\Del\AppData\Roaming\Python\Python314\site-packages\rest_framework\views.py</code>, line 512, in 
dispatch
          

          
            <div class="context" id="c1489659138688">
              
                <ol start="505" class="pre-context" id="pre1489659138688">
                
                  <li onclick="toggle('pre1489659138688', 'post1489659138688')"><pre>            # Get the appropriate 
handler method</pre></li>
                
                  <li onclick="toggle('pre1489659138688', 'post1489659138688')"><pre>            if 
request.method.lower() in self.http_method_names:</pre></li>
                
                  <li onclick="toggle('pre1489659138688', 'post1489659138688')"><pre>                handler = 
getattr(self, request.method.lower(),</pre></li>
                
                  <li onclick="toggle('pre1489659138688', 'post1489659138688')"><pre>                                  
self.http_method_not_allowed)</pre></li>
                
                  <li onclick="toggle('pre1489659138688', 'post1489659138688')"><pre>            else:</pre></li>
                
                  <li onclick="toggle('pre1489659138688', 'post1489659138688')"><pre>                handler = 
self.http_method_not_allowed</pre></li>
                
                  <li onclick="toggle('pre1489659138688', 'post1489659138688')"><pre></pre></li>
                
                </ol>
              
              <ol start="512" class="context-line">
                <li onclick="toggle('pre1489659138688', 'post1489659138688')"><pre>            response = 
handler(request, *args, **kwargs)
                            ^^^^^^^^^^^^^^^^^^^^^^^^^^^^^^^^^</pre> <span>뿯ν뿯½뿯½</span></li>
              </ol>
              
                <ol start='513' class="post-context" id="post1489659138688">
                  
                  <li onclick="toggle('pre1489659138688', 'post1489659138688')"><pre></pre></li>
                  
                  <li onclick="toggle('pre1489659138688', 'post1489659138688')"><pre>        except Exception as 
exc:</pre></li>
                  
                  <li onclick="toggle('pre1489659138688', 'post1489659138688')"><pre>            response = 
self.handle_exception(exc)</pre></li>
                  
                  <li onclick="toggle('pre1489659138688', 'post1489659138688')"><pre></pre></li>
                  
                  <li onclick="toggle('pre1489659138688', 'post1489659138688')"><pre>        self.response = 
self.finalize_response(request, response, *args, **kwargs)</pre></li>
                  
                  <li onclick="toggle('pre1489659138688', 'post1489659138688')"><pre>        return 
self.response</pre></li>
                  
              </ol>
              
            </div>
          

          
            
              <details>
                <summary class="commands">Local vars</summary>
            
            <table class="vars" id="v1489659138688">
              <thead>
                <tr>
                  <th scope="col">Variable</th>
                  <th scope="col">Value</th>
                </tr>
              </thead>
              <tbody>
                
                  <tr>
                    <td>args</td>
                    <td class="code"><pre>()</pre></td>
                  </tr>
                
                  <tr>
                    <td>handler</td>
                    <td class="code"><pre>&lt;bound method ListModelMixin.list of &lt;eadmin.views.CustomerListView 
object at 0x0000015AD6912AD0&gt;&gt;</pre></td>
                  </tr>
                
                  <tr>
                    <td>kwargs</td>
                    <td class="code"><pre>{}</pre></td>
                  </tr>
                
                  <tr>
                    <td>request</td>
                    <td class="code"><pre>&lt;rest_framework.request.Request: GET 
&#x27;/api/admin/customers/&#x27;&gt;</pre></td>
                  </tr>
                
                  <tr>
                    <td>self</td>
                    <td class="code"><pre>&lt;eadmin.views.CustomerListView object at 0x0000015AD6912AD0&gt;</pre></td>
                  </tr>
                
              </tbody>
            </table>
            </details>
          
        </li>
      
        
        <li class="frame user">
          
            <code 
class="fname">C:\Users\Del\AppData\Roaming\Python\Python314\site-packages\rest_framework\mixins.py</code>, line 38, in 
list
          

          
            <div class="context" id="c1489659138112">
              
                <ol start="31" class="pre-context" id="pre1489659138112">
                
                  <li onclick="toggle('pre1489659138112', 'post1489659138112')"><pre></pre></li>
                
                  <li onclick="toggle('pre1489659138112', 'post1489659138112')"><pre></pre></li>
                
                  <li onclick="toggle('pre1489659138112', 'post1489659138112')"><pre>class ListModelMixin:</pre></li>
                
                  <li onclick="toggle('pre1489659138112', 'post1489659138112')"><pre>    &quot;&quot;&quot;</pre></li>
                
                  <li onclick="toggle('pre1489659138112', 'post1489659138112')"><pre>    List a queryset.</pre></li>
                
                  <li onclick="toggle('pre1489659138112', 'post1489659138112')"><pre>    &quot;&quot;&quot;</pre></li>
                
                  <li onclick="toggle('pre1489659138112', 'post1489659138112')"><pre>    def list(self, request, 
*args, **kwargs):</pre></li>
                
                </ol>
              
              <ol start="38" class="context-line">
                <li onclick="toggle('pre1489659138112', 'post1489659138112')"><pre>        queryset = 
self.filter_queryset(self.get_queryset())
                                            ^^^^^^^^^^^^^^^^^^^</pre> <span>뿯ν뿯½뿯½</span></li>
              </ol>
              
                <ol start='39' class="post-context" id="post1489659138112">
                  
                  <li onclick="toggle('pre1489659138112', 'post1489659138112')"><pre></pre></li>
                  
                  <li onclick="toggle('pre1489659138112', 'post1489659138112')"><pre>        page = 
self.paginate_queryset(queryset)</pre></li>
                  
                  <li onclick="toggle('pre1489659138112', 'post1489659138112')"><pre>        if page is not 
None:</pre></li>
                  
                  <li onclick="toggle('pre1489659138112', 'post1489659138112')"><pre>            serializer = 
self.get_serializer(page, many=True)</pre></li>
                  
                  <li onclick="toggle('pre1489659138112', 'post1489659138112')"><pre>            return 
self.get_paginated_response(serializer.data)</pre></li>
                  
                  <li onclick="toggle('pre1489659138112', 'post1489659138112')"><pre></pre></li>
                  
              </ol>
              
            </div>
          

          
            
              <details>
                <summary class="commands">Local vars</summary>
            
            <table class="vars" id="v1489659138112">
              <thead>
                <tr>
                  <th scope="col">Variable</th>
                  <th scope="col">Value</th>
                </tr>
              </thead>
              <tbody>
                
                  <tr>
                    <td>args</td>
                    <td class="code"><pre>()</pre></td>
                  </tr>
                
                  <tr>
                    <td>kwargs</td>
                    <td class="code"><pre>{}</pre></td>
                  </tr>
                
                  <tr>
                    <td>request</td>
                    <td class="code"><pre>&lt;rest_framework.request.Request: GET 
&#x27;/api/admin/customers/&#x27;&gt;</pre></td>
                  </tr>
                
                  <tr>
                    <td>self</td>
                    <td class="code"><pre>&lt;eadmin.views.CustomerListView object at 0x0000015AD6912AD0&gt;</pre></td>
                  </tr>
                
              </tbody>
            </table>
            </details>
          
        </li>
      
        
        <li class="frame user">
          
            <code class="fname">C:\Users\Del\Documents\code\algoflow 
architecture\files\algoflow-multivendor-saas-complete\algoflow-e1\backend\eadmin\views.py</code>, line 190, in 
get_queryset
          

          
            <div class="context" id="c1489659137920">
              
                <ol start="183" class="pre-context" id="pre1489659137920">
                
                  <li onclick="toggle('pre1489659137920', 'post1489659137920')"><pre>    serializer_class = 
CustomerSerializer</pre></li>
                
                  <li onclick="toggle('pre1489659137920', 'post1489659137920')"><pre></pre></li>
                
                  <li onclick="toggle('pre1489659137920', 'post1489659137920')"><pre>    def 
get_queryset(self):</pre></li>
                
                  <li onclick="toggle('pre1489659137920', 'post1489659137920')"><pre>        user = 
self.request.user</pre></li>
                
                  <li onclick="toggle('pre1489659137920', 'post1489659137920')"><pre>        if user.is_authenticated 
and user.company and not (user.is_superuser or user.role == &#x27;superadmin&#x27;):</pre></li>
                
                  <li onclick="toggle('pre1489659137920', 'post1489659137920')"><pre>            return 
User.objects.filter(</pre></li>
                
                  <li onclick="toggle('pre1489659137920', 'post1489659137920')"><pre>                
role=&#x27;customer&#x27;, company=user.company</pre></li>
                
                </ol>
              
              <ol start="190" class="context-line">
                <li onclick="toggle('pre1489659137920', 'post1489659137920')"><pre>            
).annotate(order_count=Count(&#x27;order&#x27;), total_spent=Sum(&#x27;order__total_amount&#x27;))
                   ^^^^^^^^^^^^^^^^^^^^^^^^^^^^^^^^^^^^^^^^^^^^^^^^^^^^^^^^^^^^^^^^^^^^^^^^^^^^</pre> 
<span>뿯ν뿯½뿯½</span></li>
              </ol>
              
                <ol start='191' class="post-context" id="post1489659137920">
                  
                  <li onclick="toggle('pre1489659137920', 'post1489659137920')"><pre>        return 
User.objects.filter(role=&#x27;customer&#x27;).annotate(</pre></li>
                  
                  <li onclick="toggle('pre1489659137920', 'post1489659137920')"><pre>            
order_count=Count(&#x27;order&#x27;), total_spent=Sum(&#x27;order__total_amount&#x27;)</pre></li>
                  
                  <li onclick="toggle('pre1489659137920', 'post1489659137920')"><pre>        )</pre></li>
                  
                  <li onclick="toggle('pre1489659137920', 'post1489659137920')"><pre></pre></li>
                  
                  <li onclick="toggle('pre1489659137920', 'post1489659137920')"><pre>    def 
get_permissions(self):</pre></li>
                  
                  <li onclick="toggle('pre1489659137920', 'post1489659137920')"><pre>        if self.action in 
[&#x27;retrieve&#x27;, &#x27;sync_cart&#x27;, &#x27;sync_wishlist&#x27;]:</pre></li>
                  
              </ol>
              
            </div>
          

          
            
              <details>
                <summary class="commands">Local vars</summary>
            
            <table class="vars" id="v1489659137920">
              <thead>
                <tr>
                  <th scope="col">Variable</th>
                  <th scope="col">Value</th>
                </tr>
              </thead>
              <tbody>
                
                  <tr>
                    <td>self</td>
                    <td class="code"><pre>&lt;eadmin.views.CustomerListView object at 0x0000015AD6912AD0&gt;</pre></td>
                  </tr>
                
                  <tr>
                    <td>user</td>
                    <td class="code"><pre>&lt;MyUser: admin@neostore.com&gt;</pre></td>
                  </tr>
                
              </tbody>
            </table>
            </details>
          
        </li>
      
        
        <li class="frame django">
          
            <code 
class="fname">C:\Users\Del\AppData\Roaming\Python\Python314\site-packages\django\db\models\query.py</code>, line 1654, 
in annotate
          

          
            <div class="context" id="c1489659138432">
              
                <ol start="1647" class="pre-context" id="pre1489659138432">
                
                  <li onclick="toggle('pre1489659138432', 'post1489659138432')"><pre></pre></li>
                
                  <li onclick="toggle('pre1489659138432', 'post1489659138432')"><pre>    def annotate(self, *args, 
**kwargs):</pre></li>
                
                  <li onclick="toggle('pre1489659138432', 'post1489659138432')"><pre>        
&quot;&quot;&quot;</pre></li>
                
                  <li onclick="toggle('pre1489659138432', 'post1489659138432')"><pre>        Return a query set in 
which the returned objects have been annotated</pre></li>
                
                  <li onclick="toggle('pre1489659138432', 'post1489659138432')"><pre>        with extra data or 
aggregations.</pre></li>
                
                  <li onclick="toggle('pre1489659138432', 'post1489659138432')"><pre>        
&quot;&quot;&quot;</pre></li>
                
                  <li onclick="toggle('pre1489659138432', 'post1489659138432')"><pre>        
self._not_support_combined_queries(&quot;annotate&quot;)</pre></li>
                
                </ol>
              
              <ol start="1654" class="context-line">
                <li onclick="toggle('pre1489659138432', 'post1489659138432')"><pre>        return self._annotate(args, 
kwargs, select=True)
                     ^^^^^^^^^^^^^^^^^^^^^^^^^^^^^^^^^^^^^^^^^</pre> <span>뿯ν뿯½뿯½</span></li>
              </ol>
              
                <ol start='1655' class="post-context" id="post1489659138432">
                  
                  <li onclick="toggle('pre1489659138432', 'post1489659138432')"><pre></pre></li>
                  
                  <li onclick="toggle('pre1489659138432', 'post1489659138432')"><pre>    def alias(self, *args, 
**kwargs):</pre></li>
                  
                  <li onclick="toggle('pre1489659138432', 'post1489659138432')"><pre>        
&quot;&quot;&quot;</pre></li>
                  
                  <li onclick="toggle('pre1489659138432', 'post1489659138432')"><pre>        Return a query set with 
added aliases for extra data or aggregations.</pre></li>
                  
                  <li onclick="toggle('pre1489659138432', 'post1489659138432')"><pre>        
&quot;&quot;&quot;</pre></li>
                  
                  <li onclick="toggle('pre1489659138432', 'post1489659138432')"><pre>        
self._not_support_combined_queries(&quot;alias&quot;)</pre></li>
                  
              </ol>
              
            </div>
          

          
            
              <details>
                <summary class="commands">Local vars</summary>
            
            <table class="vars" id="v1489659138432">
              <thead>
                <tr>
                  <th scope="col">Variable</th>
                  <th scope="col">Value</th>
                </tr>
              </thead>
              <tbody>
                
                  <tr>
                    <td>args</td>
                    <td class="code"><pre>()</pre></td>
                  </tr>
                
                  <tr>
                    <td>kwargs</td>
                    <td class="code"><pre>{&#x27;order_count&#x27;: Count(F(order)), &#x27;total_spent&#x27;: 
Sum(F(order__total_amount))}</pre></td>
                  </tr>
                
                  <tr>
                    <td>self</td>
                    <td class="code"><pre>&lt;QuerySet []&gt;</pre></td>
                  </tr>
                
              </tbody>
            </table>
            </details>
          
        </li>
      
        
        <li class="frame django">
          
            <code 
class="fname">C:\Users\Del\AppData\Roaming\Python\Python314\site-packages\django\db\models\query.py</code>, line 1706, 
in _annotate
          

          
            <div class="context" id="c1489659138048">
              
                <ol start="1699" class="pre-context" id="pre1489659138048">
                
                  <li onclick="toggle('pre1489659138048', 'post1489659138048')"><pre>                raise 
ValueError(</pre></li>
                
                  <li onclick="toggle('pre1489659138048', 'post1489659138048')"><pre>                    &quot;The 
annotation &#x27;%s&#x27; conflicts with a field on &quot;</pre></li>
                
                  <li onclick="toggle('pre1489659138048', 'post1489659138048')"><pre>                    &quot;the 
model.&quot; % alias</pre></li>
                
                  <li onclick="toggle('pre1489659138048', 'post1489659138048')"><pre>                )</pre></li>
                
                  <li onclick="toggle('pre1489659138048', 'post1489659138048')"><pre>            if 
isinstance(annotation, FilteredRelation):</pre></li>
                
                  <li onclick="toggle('pre1489659138048', 'post1489659138048')"><pre>                
clone.query.add_filtered_relation(annotation, alias)</pre></li>
                
                  <li onclick="toggle('pre1489659138048', 'post1489659138048')"><pre>            else:</pre></li>
                
                </ol>
              
              <ol start="1706" class="context-line">
                <li onclick="toggle('pre1489659138048', 'post1489659138048')"><pre>                
clone.query.add_annotation(
                      ^</pre> <span>뿯ν뿯½뿯½</span></li>
              </ol>
              
                <ol start='1707' class="post-context" id="post1489659138048">
                  
                  <li onclick="toggle('pre1489659138048', 'post1489659138048')"><pre>                    
annotation,</pre></li>
                  
                  <li onclick="toggle('pre1489659138048', 'post1489659138048')"><pre>                    
alias,</pre></li>
                  
                  <li onclick="toggle('pre1489659138048', 'post1489659138048')"><pre>                    
select=select,</pre></li>
                  
                  <li onclick="toggle('pre1489659138048', 'post1489659138048')"><pre>                )</pre></li>
                  
                  <li onclick="toggle('pre1489659138048', 'post1489659138048')"><pre>        for alias, annotation in 
clone.query.annotations.items():</pre></li>
                  
                  <li onclick="toggle('pre1489659138048', 'post1489659138048')"><pre>            if alias in 
annotations and annotation.contains_aggregate:</pre></li>
                  
              </ol>
              
            </div>
          

          
            
              <details>
                <summary class="commands">Local vars</summary>
            
            <table class="vars" id="v1489659138048">
              <thead>
                <tr>
                  <th scope="col">Variable</th>
                  <th scope="col">Value</th>
                </tr>
              </thead>
              <tbody>
                
                  <tr>
                    <td>alias</td>
                    <td class="code"><pre>&#x27;order_count&#x27;</pre></td>
                  </tr>
                
                  <tr>
                    <td>annotation</td>
                    <td class="code"><pre>Count(F(order))</pre></td>
                  </tr>
                
                  <tr>
                    <td>annotations</td>
                    <td class="code"><pre>{&#x27;order_count&#x27;: Count(F(order)), &#x27;total_spent&#x27;: 
Sum(F(order__total_amount))}</pre></td>
                  </tr>
                
                  <tr>
                    <td>args</td>
                    <td class="code"><pre>()</pre></td>
                  </tr>
                
                  <tr>
                    <td>clone</td>
                    <td class="code"><pre>&lt;QuerySet []&gt;</pre></td>
                  </tr>
                
                  <tr>
                    <td>kwargs</td>
                    <td class="code"><pre>{&#x27;order_count&#x27;: Count(F(order)), &#x27;total_spent&#x27;: 
Sum(F(order__total_amount))}</pre></td>
                  </tr>
                
                  <tr>
                    <td>names</td>
                    <td class="code"><pre>{&#x27;activities&#x27;,
 &#x27;airecommendation&#x27;,
 &#x27;assigned_chats&#x27;,
 &#x27;assigned_tickets&#x27;,
 &#x27;cart_items&#x27;,
 &#x27;chatsession&#x27;,
 &#x27;company&#x27;,
 &#x27;company_id&#x27;,
 &#x27;created_at&#x27;,
 &#x27;email&#x27;,
 &#x27;email_verified&#x27;,
 &#x27;emailverificationtoken&#x27;,
 &#x27;firebase_uid&#x27;,
 &#x27;groups&#x27;,
 &#x27;id&#x27;,
 &#x27;is_active&#x27;,
 &#x27;is_admin&#x27;,
 &#x27;is_staff&#x27;,
 &#x27;is_superuser&#x27;,
 &#x27;last_login&#x27;,
 &#x27;logentry&#x27;,
 &#x27;name&#x27;,
 &#x27;notes&#x27;,
 &#x27;orders&#x27;,
 &#x27;owned_companies&#x27;,
 &#x27;password&#x27;,
 &#x27;password_reset_tokens&#x27;,
 &#x27;phone_number&#x27;,
 &#x27;possale&#x27;,
 &#x27;review&#x27;,
 &#x27;role&#x27;,
 &#x27;serviceticket&#x27;,
 &#x27;staff_profile&#x27;,
 &#x27;updated_at&#x27;,
 &#x27;user_permissions&#x27;,
 &#x27;username&#x27;,
 &#x27;wishlist_items&#x27;,
 &#x27;wishlists&#x27;}</pre></td>
                  </tr>
                
                  <tr>
                    <td>select</td>
                    <td class="code"><pre>True</pre></td>
                  </tr>
                
                  <tr>
                    <td>self</td>
                    <td class="code"><pre>&lt;QuerySet []&gt;</pre></td>
                  </tr>
                
              </tbody>
            </table>
            </details>
          
        </li>
      
        
        <li class="frame django">
          
            <code 
class="fname">C:\Users\Del\AppData\Roaming\Python\Python314\site-packages\django\db\models\sql\query.py</code>, line 
1220, in add_annotation
          

          
            <div class="context" id="c1489659137856">
              
                <ol start="1213" class="pre-context" id="pre1489659137856">
                
                  <li onclick="toggle('pre1489659137856', 'post1489659137856')"><pre>                &quot;Column 
aliases cannot contain whitespace characters, hashes, &quot;</pre></li>
                
                  <li onclick="toggle('pre1489659137856', 'post1489659137856')"><pre>                &quot;control 
characters, quotation marks, semicolons, or SQL comments.&quot;</pre></li>
                
                  <li onclick="toggle('pre1489659137856', 'post1489659137856')"><pre>            )</pre></li>
                
                  <li onclick="toggle('pre1489659137856', 'post1489659137856')"><pre></pre></li>
                
                  <li onclick="toggle('pre1489659137856', 'post1489659137856')"><pre>    def add_annotation(self, 
annotation, alias, select=True):</pre></li>
                
                  <li onclick="toggle('pre1489659137856', 'post1489659137856')"><pre>        &quot;&quot;&quot;Add a 
single annotation expression to the Query.&quot;&quot;&quot;</pre></li>
                
                  <li onclick="toggle('pre1489659137856', 'post1489659137856')"><pre>        
self.check_alias(alias)</pre></li>
                
                </ol>
              
              <ol start="1220" class="context-line">
                <li onclick="toggle('pre1489659137856', 'post1489659137856')"><pre>        annotation = 
annotation.resolve_expression(self, allow_joins=True, reuse=None)
                           ^^^^^^^^^^^^^^^^^^^^^^^^^^^^^^^^^^^^^^^^^^^^^^^^^^^^^^^^^^^^^^^^^</pre> 
<span>뿯ν뿯½뿯½</span></li>
              </ol>
              
                <ol start='1221' class="post-context" id="post1489659137856">
                  
                  <li onclick="toggle('pre1489659137856', 'post1489659137856')"><pre>        if select:</pre></li>
                  
                  <li onclick="toggle('pre1489659137856', 'post1489659137856')"><pre>            
self.append_annotation_mask([alias])</pre></li>
                  
                  <li onclick="toggle('pre1489659137856', 'post1489659137856')"><pre>        else:</pre></li>
                  
                  <li onclick="toggle('pre1489659137856', 'post1489659137856')"><pre>            
self.set_annotation_mask(set(self.annotation_select).difference({alias}))</pre></li>
                  
                  <li onclick="toggle('pre1489659137856', 'post1489659137856')"><pre>        self.annotations[alias] = 
annotation</pre></li>
                  
                  <li onclick="toggle('pre1489659137856', 'post1489659137856')"><pre>        if select and 
self.selected:</pre></li>
                  
              </ol>
              
            </div>
          

          
            
              <details>
                <summary class="commands">Local vars</summary>
            
            <table class="vars" id="v1489659137856">
              <thead>
                <tr>
                  <th scope="col">Variable</th>
                  <th scope="col">Value</th>
                </tr>
              </thead>
              <tbody>
                
                  <tr>
                    <td>alias</td>
                    <td class="code"><pre>&#x27;order_count&#x27;</pre></td>
                  </tr>
                
                  <tr>
                    <td>annotation</td>
                    <td class="code"><pre>Count(F(order))</pre></td>
                  </tr>
                
                  <tr>
                    <td>select</td>
                    <td class="code"><pre>True</pre></td>
                  </tr>
                
                  <tr>
                    <td>self</td>
                    <td class="code"><pre>&lt;django.db.models.sql.query.Query object at 
0x0000015AD6994230&gt;</pre></td>
                  </tr>
                
              </tbody>
            </table>
            </details>
          
        </li>
      
        
        <li class="frame django">
          
            <code 
class="fname">C:\Users\Del\AppData\Roaming\Python\Python314\site-packages\django\db\models\aggregates.py</code>, line 
176, in resolve_expression
          

          
            <div class="context" id="c1489659140864">
              
                <ol start="169" class="pre-context" id="pre1489659140864">
                
                  <li onclick="toggle('pre1489659140864', 'post1489659140864')"><pre>        if expression == 
&quot;*&quot;:</pre></li>
                
                  <li onclick="toggle('pre1489659140864', 'post1489659140864')"><pre>            expression = 
Star()</pre></li>
                
                  <li onclick="toggle('pre1489659140864', 'post1489659140864')"><pre>        if isinstance(expression, 
Star) and filter is not None:</pre></li>
                
                  <li onclick="toggle('pre1489659140864', 'post1489659140864')"><pre>            raise 
ValueError(&quot;Star cannot be used with filter. Please specify a field.&quot;)</pre></li>
                
                  <li onclick="toggle('pre1489659140864', 'post1489659140864')"><pre>        
super().__init__(expression, filter=filter, **extra)</pre></li>
                
                  <li onclick="toggle('pre1489659140864', 'post1489659140864')"><pre></pre></li>
                
                  <li onclick="toggle('pre1489659140864', 'post1489659140864')"><pre>    def resolve_expression(self, 
*args, **kwargs):</pre></li>
                
                </ol>
              
              <ol start="176" class="context-line">
                <li onclick="toggle('pre1489659140864', 'post1489659140864')"><pre>        result = 
super().resolve_expression(*args, **kwargs)
                      ^^^^^^^^^^^^^^^^^^^^^^^^^^^^^^^^^^^^^^^^^^^</pre> <span>뿯ν뿯½뿯½</span></li>
              </ol>
              
                <ol start='177' class="post-context" id="post1489659140864">
                  
                  <li onclick="toggle('pre1489659140864', 'post1489659140864')"><pre>        expr = 
result.source_expressions[0]</pre></li>
                  
                  <li onclick="toggle('pre1489659140864', 'post1489659140864')"><pre></pre></li>
                  
                  <li onclick="toggle('pre1489659140864', 'post1489659140864')"><pre>        # In case of composite 
primary keys, count the first column.</pre></li>
                  
                  <li onclick="toggle('pre1489659140864', 'post1489659140864')"><pre>        if isinstance(expr, 
ColPairs):</pre></li>
                  
                  <li onclick="toggle('pre1489659140864', 'post1489659140864')"><pre>            if 
self.distinct:</pre></li>
                  
                  <li onclick="toggle('pre1489659140864', 'post1489659140864')"><pre>                raise 
ValueError(</pre></li>
                  
              </ol>
              
            </div>
          

          
            
              <details>
                <summary class="commands">Local vars</summary>
            
            <table class="vars" id="v1489659140864">
              <thead>
                <tr>
                  <th scope="col">Variable</th>
                  <th scope="col">Value</th>
                </tr>
              </thead>
              <tbody>
                
                  <tr>
                    <td>__class__</td>
                    <td class="code"><pre>&lt;class &#x27;django.db.models.aggregates.Count&#x27;&gt;</pre></td>
                  </tr>
                
                  <tr>
                    <td>args</td>
                    <td class="code"><pre>(&lt;django.db.models.sql.query.Query object at 
0x0000015AD6994230&gt;,)</pre></td>
                  </tr>
                
                  <tr>
                    <td>kwargs</td>
                    <td class="code"><pre>{&#x27;allow_joins&#x27;: True, &#x27;reuse&#x27;: None}</pre></td>
                  </tr>
                
                  <tr>
                    <td>self</td>
                    <td class="code"><pre>Count(F(order))</pre></td>
                  </tr>
                
              </tbody>
            </table>
            </details>
          
        </li>
      
        
        <li class="frame django">
          
            <code 
class="fname">C:\Users\Del\AppData\Roaming\Python\Python314\site-packages\django\db\models\aggregates.py</code>, line 
63, in resolve_expression
          

          
            <div class="context" id="c1489659141696">
              
                <ol start="56" class="pre-context" id="pre1489659141696">
                
                  <li onclick="toggle('pre1489659141696', 'post1489659141696')"><pre>        *exprs, self.filter = 
exprs</pre></li>
                
                  <li onclick="toggle('pre1489659141696', 'post1489659141696')"><pre>        return 
super().set_source_expressions(exprs)</pre></li>
                
                  <li onclick="toggle('pre1489659141696', 'post1489659141696')"><pre></pre></li>
                
                  <li onclick="toggle('pre1489659141696', 'post1489659141696')"><pre>    def 
resolve_expression(</pre></li>
                
                  <li onclick="toggle('pre1489659141696', 'post1489659141696')"><pre>        self, query=None, 
allow_joins=True, reuse=None, summarize=False, for_save=False</pre></li>
                
                  <li onclick="toggle('pre1489659141696', 'post1489659141696')"><pre>    ):</pre></li>
                
                  <li onclick="toggle('pre1489659141696', 'post1489659141696')"><pre>        # Aggregates are not 
allowed in UPDATE queries, so ignore for_save</pre></li>
                
                </ol>
              
              <ol start="63" class="context-line">
                <li onclick="toggle('pre1489659141696', 'post1489659141696')"><pre>        c = 
super().resolve_expression(query, allow_joins, reuse, summarize)
                ^^^^^^^^^^^^^^^^^^^^^^^^^^^^^^^^^^^^^^^^^^^^^^^^^^^^^^^^^^^^^^^^</pre> <span>뿯ν뿯½뿯½</span></li>
              </ol>
              
                <ol start='64' class="post-context" id="post1489659141696">
                  
                  <li onclick="toggle('pre1489659141696', 'post1489659141696')"><pre>        if summarize:</pre></li>
                  
                  <li onclick="toggle('pre1489659141696', 'post1489659141696')"><pre>            # Summarized 
aggregates cannot refer to summarized aggregates.</pre></li>
                  
                  <li onclick="toggle('pre1489659141696', 'post1489659141696')"><pre>            for ref in 
c.get_refs():</pre></li>
                  
                  <li onclick="toggle('pre1489659141696', 'post1489659141696')"><pre>                if 
query.annotations[ref].is_summary:</pre></li>
                  
                  <li onclick="toggle('pre1489659141696', 'post1489659141696')"><pre>                    raise 
FieldError(</pre></li>
                  
                  <li onclick="toggle('pre1489659141696', 'post1489659141696')"><pre>                        
f&quot;Cannot compute {c.name}(&#x27;{ref}&#x27;): &#x27;{ref}&#x27; is an aggregate&quot;</pre></li>
                  
              </ol>
              
            </div>
          

          
            
              <details>
                <summary class="commands">Local vars</summary>
            
            <table class="vars" id="v1489659141696">
              <thead>
                <tr>
                  <th scope="col">Variable</th>
                  <th scope="col">Value</th>
                </tr>
              </thead>
              <tbody>
                
                  <tr>
                    <td>__class__</td>
                    <td class="code"><pre>&lt;class &#x27;django.db.models.aggregates.Aggregate&#x27;&gt;</pre></td>
                  </tr>
                
                  <tr>
                    <td>allow_joins</td>
                    <td class="code"><pre>True</pre></td>
                  </tr>
                
                  <tr>
                    <td>for_save</td>
                    <td class="code"><pre>False</pre></td>
                  </tr>
                
                  <tr>
                    <td>query</td>
                    <td class="code"><pre>&lt;django.db.models.sql.query.Query object at 
0x0000015AD6994230&gt;</pre></td>
                  </tr>
                
                  <tr>
                    <td>reuse</td>
                    <td class="code"><pre>None</pre></td>
                  </tr>
                
                  <tr>
                    <td>self</td>
                    <td class="code"><pre>Count(F(order))</pre></td>
                  </tr>
                
                  <tr>
                    <td>summarize</td>
                    <td class="code"><pre>False</pre></td>
                  </tr>
                
              </tbody>
            </table>
            </details>
          
        </li>
      
        
        <li class="frame django">
          
            <code 
class="fname">C:\Users\Del\AppData\Roaming\Python\Python314\site-packages\django\db\models\expressions.py</code>, line 
300, in resolve_expression
          

          
            <div class="context" id="c1489659141632">
              
                <ol start="293" class="pre-context" id="pre1489659141632">
                
                  <li onclick="toggle('pre1489659141632', 'post1489659141632')"><pre></pre></li>
                
                  <li onclick="toggle('pre1489659141632', 'post1489659141632')"><pre>        Return: an Expression to 
be added to the query.</pre></li>
                
                  <li onclick="toggle('pre1489659141632', 'post1489659141632')"><pre>        
&quot;&quot;&quot;</pre></li>
                
                  <li onclick="toggle('pre1489659141632', 'post1489659141632')"><pre>        c = self.copy()</pre></li>
                
                  <li onclick="toggle('pre1489659141632', 'post1489659141632')"><pre>        c.is_summary = 
summarize</pre></li>
                
                  <li onclick="toggle('pre1489659141632', 'post1489659141632')"><pre>        source_expressions = 
[</pre></li>
                
                  <li onclick="toggle('pre1489659141632', 'post1489659141632')"><pre>            (</pre></li>
                
                </ol>
              
              <ol start="300" class="context-line">
                <li onclick="toggle('pre1489659141632', 'post1489659141632')"><pre>                
expr.resolve_expression(query, allow_joins, reuse, summarize, for_save)
                     ^^^^^^^^^^^^^^^^^^^^^^^^^^^^^^^^^^^^^^^^^^^^^^^^^^^^^^^^^^^^^^^^^^^^^^^</pre> 
<span>뿯ν뿯½뿯½</span></li>
              </ol>
              
                <ol start='301' class="post-context" id="post1489659141632">
                  
                  <li onclick="toggle('pre1489659141632', 'post1489659141632')"><pre>                if expr is not 
None</pre></li>
                  
                  <li onclick="toggle('pre1489659141632', 'post1489659141632')"><pre>                else 
None</pre></li>
                  
                  <li onclick="toggle('pre1489659141632', 'post1489659141632')"><pre>            )</pre></li>
                  
                  <li onclick="toggle('pre1489659141632', 'post1489659141632')"><pre>            for expr in 
c.get_source_expressions()</pre></li>
                  
                  <li onclick="toggle('pre1489659141632', 'post1489659141632')"><pre>        ]</pre></li>
                  
                  <li onclick="toggle('pre1489659141632', 'post1489659141632')"><pre>        if not 
self.allows_composite_expressions and any(</pre></li>
                  
              </ol>
              
            </div>
          

          
            
              <details>
                <summary class="commands">Local vars</summary>
            
            <table class="vars" id="v1489659141632">
              <thead>
                <tr>
                  <th scope="col">Variable</th>
                  <th scope="col">Value</th>
                </tr>
              </thead>
              <tbody>
                
                  <tr>
                    <td>allow_joins</td>
                    <td class="code"><pre>True</pre></td>
                  </tr>
                
                  <tr>
                    <td>c</td>
                    <td class="code"><pre>Count(F(order))</pre></td>
                  </tr>
                
                  <tr>
                    <td>for_save</td>
                    <td class="code"><pre>False</pre></td>
                  </tr>
                
                  <tr>
                    <td>query</td>
                    <td class="code"><pre>&lt;django.db.models.sql.query.Query object at 
0x0000015AD6994230&gt;</pre></td>
                  </tr>
                
                  <tr>
                    <td>reuse</td>
                    <td class="code"><pre>None</pre></td>
                  </tr>
                
                  <tr>
                    <td>self</td>
                    <td class="code"><pre>Count(F(order))</pre></td>
                  </tr>
                
                  <tr>
                    <td>summarize</td>
                    <td class="code"><pre>False</pre></td>
                  </tr>
                
              </tbody>
            </table>
            </details>
          
        </li>
      
        
        <li class="frame django">
          
            <code 
class="fname">C:\Users\Del\AppData\Roaming\Python\Python314\site-packages\django\db\models\expressions.py</code>, line 
902, in resolve_expression
          

          
            <div class="context" id="c1489659141760">
              
                <ol start="895" class="pre-context" id="pre1489659141760">
                
                  <li onclick="toggle('pre1489659141760', 'post1489659141760')"><pre>        # Disable old-style 
iteration protocol inherited from implementing</pre></li>
                
                  <li onclick="toggle('pre1489659141760', 'post1489659141760')"><pre>        # __getitem__() to 
prevent this method from hanging.</pre></li>
                
                  <li onclick="toggle('pre1489659141760', 'post1489659141760')"><pre>        raise 
TypeError(f&quot;argument of type &#x27;{self.__class__.__name__}&#x27; is not iterable&quot;)</pre></li>
                
                  <li onclick="toggle('pre1489659141760', 'post1489659141760')"><pre></pre></li>
                
                  <li onclick="toggle('pre1489659141760', 'post1489659141760')"><pre>    def 
resolve_expression(</pre></li>
                
                  <li onclick="toggle('pre1489659141760', 'post1489659141760')"><pre>        self, query=None, 
allow_joins=True, reuse=None, summarize=False, for_save=False</pre></li>
                
                  <li onclick="toggle('pre1489659141760', 'post1489659141760')"><pre>    ):</pre></li>
                
                </ol>
              
              <ol start="902" class="context-line">
                <li onclick="toggle('pre1489659141760', 'post1489659141760')"><pre>        return 
query.resolve_ref(self.name, allow_joins, reuse, summarize)
                    ^^^^^^^^^^^^^^^^^^^^^^^^^^^^^^^^^^^^^^^^^^^^^^^^^^^^^^^^^^^</pre> <span>뿯ν뿯½뿯½</span></li>
              </ol>
              
                <ol start='903' class="post-context" id="post1489659141760">
                  
                  <li onclick="toggle('pre1489659141760', 'post1489659141760')"><pre></pre></li>
                  
                  <li onclick="toggle('pre1489659141760', 'post1489659141760')"><pre>    def replace_expressions(self, 
replacements):</pre></li>
                  
                  <li onclick="toggle('pre1489659141760', 'post1489659141760')"><pre>        if (replacement := 
replacements.get(self)) is not None:</pre></li>
                  
                  <li onclick="toggle('pre1489659141760', 'post1489659141760')"><pre>            return 
replacement</pre></li>
                  
                  <li onclick="toggle('pre1489659141760', 'post1489659141760')"><pre>        field_name, *transforms = 
self.name.split(LOOKUP_SEP)</pre></li>
                  
                  <li onclick="toggle('pre1489659141760', 'post1489659141760')"><pre>        # Avoid unnecessarily 
looking up replacements with field_name again as</pre></li>
                  
              </ol>
              
            </div>
          

          
            
              <details>
                <summary class="commands">Local vars</summary>
            
            <table class="vars" id="v1489659141760">
              <thead>
                <tr>
                  <th scope="col">Variable</th>
                  <th scope="col">Value</th>
                </tr>
              </thead>
              <tbody>
                
                  <tr>
                    <td>allow_joins</td>
                    <td class="code"><pre>True</pre></td>
                  </tr>
                
                  <tr>
                    <td>for_save</td>
                    <td class="code"><pre>False</pre></td>
                  </tr>
                
                  <tr>
                    <td>query</td>
                    <td class="code"><pre>&lt;django.db.models.sql.query.Query object at 
0x0000015AD6994230&gt;</pre></td>
                  </tr>
                
                  <tr>
                    <td>reuse</td>
                    <td class="code"><pre>None</pre></td>
                  </tr>
                
                  <tr>
                    <td>self</td>
                    <td class="code"><pre>F(order)</pre></td>
                  </tr>
                
                  <tr>
                    <td>summarize</td>
                    <td class="code"><pre>False</pre></td>
                  </tr>
                
              </tbody>
            </table>
            </details>
          
        </li>
      
        
        <li class="frame django">
          
            <code 
class="fname">C:\Users\Del\AppData\Roaming\Python\Python314\site-packages\django\db\models\sql\query.py</code>, line 
2057, in resolve_ref
          

          
            <div class="context" id="c1489658575936">
              
                <ol start="2050" class="pre-context" id="pre1489658575936">
                
                  <li onclick="toggle('pre1489658575936', 'post1489658575936')"><pre>        else:</pre></li>
                
                  <li onclick="toggle('pre1489658575936', 'post1489658575936')"><pre>            field_list = 
name.split(LOOKUP_SEP)</pre></li>
                
                  <li onclick="toggle('pre1489658575936', 'post1489658575936')"><pre>            annotation = 
self.annotations.get(field_list[0])</pre></li>
                
                  <li onclick="toggle('pre1489658575936', 'post1489658575936')"><pre>            if annotation is not 
None:</pre></li>
                
                  <li onclick="toggle('pre1489658575936', 'post1489658575936')"><pre>                for transform in 
field_list[1:]:</pre></li>
                
                  <li onclick="toggle('pre1489658575936', 'post1489658575936')"><pre>                    annotation = 
self.try_transform(annotation, transform)</pre></li>
                
                  <li onclick="toggle('pre1489658575936', 'post1489658575936')"><pre>                return 
annotation</pre></li>
                
                </ol>
              
              <ol start="2057" class="context-line">
                <li onclick="toggle('pre1489658575936', 'post1489658575936')"><pre>            join_info = 
self.setup_joins(
                              </pre> <span>뿯ν뿯½뿯½</span></li>
              </ol>
              
                <ol start='2058' class="post-context" id="post1489658575936">
                  
                  <li onclick="toggle('pre1489658575936', 'post1489658575936')"><pre>                field_list, 
self.get_meta(), self.get_initial_alias(), can_reuse=reuse</pre></li>
                  
                  <li onclick="toggle('pre1489658575936', 'post1489658575936')"><pre>            )</pre></li>
                  
                  <li onclick="toggle('pre1489658575936', 'post1489658575936')"><pre>            targets, final_alias, 
join_list = self.trim_joins(</pre></li>
                  
                  <li onclick="toggle('pre1489658575936', 'post1489658575936')"><pre>                
join_info.targets, join_info.joins, join_info.path</pre></li>
                  
                  <li onclick="toggle('pre1489658575936', 'post1489658575936')"><pre>            )</pre></li>
                  
                  <li onclick="toggle('pre1489658575936', 'post1489658575936')"><pre>            if not allow_joins 
and len(join_list) &gt; 1:</pre></li>
                  
              </ol>
              
            </div>
          

          
            
              <details>
                <summary class="commands">Local vars</summary>
            
            <table class="vars" id="v1489658575936">
              <thead>
                <tr>
                  <th scope="col">Variable</th>
                  <th scope="col">Value</th>
                </tr>
              </thead>
              <tbody>
                
                  <tr>
                    <td>allow_joins</td>
                    <td class="code"><pre>True</pre></td>
                  </tr>
                
                  <tr>
                    <td>annotation</td>
                    <td class="code"><pre>None</pre></td>
                  </tr>
                
                  <tr>
                    <td>field_list</td>
                    <td class="code"><pre>[&#x27;order&#x27;]</pre></td>
                  </tr>
                
                  <tr>
                    <td>name</td>
                    <td class="code"><pre>&#x27;order&#x27;</pre></td>
                  </tr>
                
                  <tr>
                    <td>reuse</td>
                    <td class="code"><pre>None</pre></td>
                  </tr>
                
                  <tr>
                    <td>self</td>
                    <td class="code"><pre>&lt;django.db.models.sql.query.Query object at 
0x0000015AD6994230&gt;</pre></td>
                  </tr>
                
                  <tr>
                    <td>summarize</td>
                    <td class="code"><pre>False</pre></td>
                  </tr>
                
              </tbody>
            </table>
            </details>
          
        </li>
      
        
        <li class="frame django">
          
            <code 
class="fname">C:\Users\Del\AppData\Roaming\Python\Python314\site-packages\django\db\models\sql\query.py</code>, line 
1908, in setup_joins
          

          
            <div class="context" id="c1489658921664">
              
                <ol start="1901" class="pre-context" id="pre1489658921664">
                
                  <li onclick="toggle('pre1489658921664', 'post1489658921664')"><pre>            return 
field.get_col(alias)</pre></li>
                
                  <li onclick="toggle('pre1489658921664', 'post1489658921664')"><pre></pre></li>
                
                  <li onclick="toggle('pre1489658921664', 'post1489658921664')"><pre>        # Try resolving all the 
names as fields first. If there&#x27;s an error,</pre></li>
                
                  <li onclick="toggle('pre1489658921664', 'post1489658921664')"><pre>        # treat trailing names as 
lookups until a field can be resolved.</pre></li>
                
                  <li onclick="toggle('pre1489658921664', 'post1489658921664')"><pre>        last_field_exception = 
None</pre></li>
                
                  <li onclick="toggle('pre1489658921664', 'post1489658921664')"><pre>        for pivot in 
range(len(names), 0, -1):</pre></li>
                
                  <li onclick="toggle('pre1489658921664', 'post1489658921664')"><pre>            try:</pre></li>
                
                </ol>
              
              <ol start="1908" class="context-line">
                <li onclick="toggle('pre1489658921664', 'post1489658921664')"><pre>                path, final_field, 
targets, rest = self.names_to_path(
                                                         </pre> <span>뿯ν뿯½뿯½</span></li>
              </ol>
              
                <ol start='1909' class="post-context" id="post1489658921664">
                  
                  <li onclick="toggle('pre1489658921664', 'post1489658921664')"><pre>                    
names[:pivot],</pre></li>
                  
                  <li onclick="toggle('pre1489658921664', 'post1489658921664')"><pre>                    
opts,</pre></li>
                  
                  <li onclick="toggle('pre1489658921664', 'post1489658921664')"><pre>                    
allow_many,</pre></li>
                  
                  <li onclick="toggle('pre1489658921664', 'post1489658921664')"><pre>                    
fail_on_missing=True,</pre></li>
                  
                  <li onclick="toggle('pre1489658921664', 'post1489658921664')"><pre>                )</pre></li>
                  
                  <li onclick="toggle('pre1489658921664', 'post1489658921664')"><pre>            except FieldError as 
exc:</pre></li>
                  
              </ol>
              
            </div>
          

          
            
              <details>
                <summary class="commands">Local vars</summary>
            
            <table class="vars" id="v1489658921664">
              <thead>
                <tr>
                  <th scope="col">Variable</th>
                  <th scope="col">Value</th>
                </tr>
              </thead>
              <tbody>
                
                  <tr>
                    <td>alias</td>
                    <td class="code"><pre>&#x27;account_myuser&#x27;</pre></td>
                  </tr>
                
                  <tr>
                    <td>allow_many</td>
                    <td class="code"><pre>True</pre></td>
                  </tr>
                
                  <tr>
                    <td>can_reuse</td>
                    <td class="code"><pre>None</pre></td>
                  </tr>
                
                  <tr>
                    <td>final_transformer</td>
                    <td class="code"><pre>&lt;function Query.setup_joins.&lt;locals&gt;.final_transformer at 
0x0000015AD687E090&gt;</pre></td>
                  </tr>
                
                  <tr>
                    <td>joins</td>
                    <td class="code"><pre>[&#x27;account_myuser&#x27;]</pre></td>
                  </tr>
                
                  <tr>
                    <td>last_field_exception</td>
                    <td class="code"><pre>None</pre></td>
                  </tr>
                
                  <tr>
                    <td>names</td>
                    <td class="code"><pre>[&#x27;order&#x27;]</pre></td>
                  </tr>
                
                  <tr>
                    <td>opts</td>
                    <td class="code"><pre>&lt;Options for MyUser&gt;</pre></td>
                  </tr>
                
                  <tr>
                    <td>pivot</td>
                    <td class="code"><pre>1</pre></td>
                  </tr>
                
                  <tr>
                    <td>self</td>
                    <td class="code"><pre>&lt;django.db.models.sql.query.Query object at 
0x0000015AD6994230&gt;</pre></td>
                  </tr>
                
              </tbody>
            </table>
            </details>
          
        </li>
      
        
        <li class="frame django">
          
            <code 
class="fname">C:\Users\Del\AppData\Roaming\Python\Python314\site-packages\django\db\models\sql\query.py</code>, line 
1813, in names_to_path
          

          
            <div class="context" id="c1489658441536">
              
                <ol start="1806" class="pre-context" id="pre1489658441536">
                
                  <li onclick="toggle('pre1489658441536', 'post1489658441536')"><pre>                    available = 
sorted(</pre></li>
                
                  <li onclick="toggle('pre1489658441536', 'post1489658441536')"><pre>                        
[</pre></li>
                
                  <li onclick="toggle('pre1489658441536', 'post1489658441536')"><pre>                            
*get_field_names_from_opts(opts),</pre></li>
                
                  <li onclick="toggle('pre1489658441536', 'post1489658441536')"><pre>                            
*self.annotation_select,</pre></li>
                
                  <li onclick="toggle('pre1489658441536', 'post1489658441536')"><pre>                            
*self._filtered_relations,</pre></li>
                
                  <li onclick="toggle('pre1489658441536', 'post1489658441536')"><pre>                        
]</pre></li>
                
                  <li onclick="toggle('pre1489658441536', 'post1489658441536')"><pre>                    )</pre></li>
                
                </ol>
              
              <ol start="1813" class="context-line">
                <li onclick="toggle('pre1489658441536', 'post1489658441536')"><pre>                    raise 
FieldError(
                          ^</pre> <span>뿯ν뿯½뿯½</span></li>
              </ol>
              
                <ol start='1814' class="post-context" id="post1489658441536">
                  
                  <li onclick="toggle('pre1489658441536', 'post1489658441536')"><pre>                        
&quot;Cannot resolve keyword &#x27;%s&#x27; into field. &quot;</pre></li>
                  
                  <li onclick="toggle('pre1489658441536', 'post1489658441536')"><pre>                        
&quot;Choices are: %s&quot; % (name, &quot;, &quot;.join(available))</pre></li>
                  
                  <li onclick="toggle('pre1489658441536', 'post1489658441536')"><pre>                    )</pre></li>
                  
                  <li onclick="toggle('pre1489658441536', 'post1489658441536')"><pre>                break</pre></li>
                  
                  <li onclick="toggle('pre1489658441536', 'post1489658441536')"><pre>            # Check if we need 
any joins for concrete inheritance cases (the</pre></li>
                  
                  <li onclick="toggle('pre1489658441536', 'post1489658441536')"><pre>            # field lives in 
parent, but we are currently in one of its</pre></li>
                  
              </ol>
              
            </div>
          

          
            
              <details>
                <summary class="commands">Local vars</summary>
            
            <table class="vars" id="v1489658441536">
              <thead>
                <tr>
                  <th scope="col">Variable</th>
                  <th scope="col">Value</th>
                </tr>
              </thead>
              <tbody>
                
                  <tr>
                    <td>allow_many</td>
                    <td class="code"><pre>True</pre></td>
                  </tr>
                
                  <tr>
                    <td>available</td>
                    <td class="code"><pre>[&#x27;activities&#x27;,
 &#x27;airecommendation&#x27;,
 &#x27;assigned_chats&#x27;,
 &#x27;assigned_tickets&#x27;,
 &#x27;cart_items&#x27;,
 &#x27;chatsession&#x27;,
 &#x27;company&#x27;,
 &#x27;company_id&#x27;,
 &#x27;created_at&#x27;,
 &#x27;email&#x27;,
 &#x27;email_verified&#x27;,
 &#x27;emailverificationtoken&#x27;,
 &#x27;firebase_uid&#x27;,
 &#x27;groups&#x27;,
 &#x27;id&#x27;,
 &#x27;is_active&#x27;,
 &#x27;is_admin&#x27;,
 &#x27;is_staff&#x27;,
 &#x27;is_superuser&#x27;,
 &#x27;last_login&#x27;,
 &#x27;logentry&#x27;,
 &#x27;name&#x27;,
 &#x27;notes&#x27;,
 &#x27;orders&#x27;,
 &#x27;owned_companies&#x27;,
 &#x27;password&#x27;,
 &#x27;password_reset_tokens&#x27;,
 &#x27;phone_number&#x27;,
 &#x27;possale&#x27;,
 &#x27;review&#x27;,
 &#x27;role&#x27;,
 &#x27;serviceticket&#x27;,
 &#x27;staff_profile&#x27;,
 &#x27;updated_at&#x27;,
 &#x27;user_permissions&#x27;,
 &#x27;username&#x27;,
 &#x27;wishlist_items&#x27;,
 &#x27;wishlists&#x27;]</pre></td>
                  </tr>
                
                  <tr>
                    <td>cur_names_with_path</td>
                    <td class="code"><pre>(&#x27;order&#x27;, [])</pre></td>
                  </tr>
                
                  <tr>
                    <td>fail_on_missing</td>
                    <td class="code"><pre>True</pre></td>
                  </tr>
                
                  <tr>
                    <td>field</td>
                    <td class="code"><pre>None</pre></td>
                  </tr>
                
                  <tr>
                    <td>filtered_relation</td>
                    <td class="code"><pre>None</pre></td>
                  </tr>
                
                  <tr>
                    <td>name</td>
                    <td class="code"><pre>&#x27;order&#x27;</pre></td>
                  </tr>
                
                  <tr>
                    <td>names</td>
                    <td class="code"><pre>[&#x27;order&#x27;]</pre></td>
                  </tr>
                
                  <tr>
                    <td>names_with_path</td>
                    <td class="code"><pre>[]</pre></td>
                  </tr>
                
                  <tr>
                    <td>opts</td>
                    <td class="code"><pre>&lt;Options for MyUser&gt;</pre></td>
                  </tr>
                
                  <tr>
                    <td>path</td>
                    <td class="code"><pre>[]</pre></td>
                  </tr>
                
                  <tr>
                    <td>pos</td>
                    <td class="code"><pre>-1</pre></td>
                  </tr>
                
                  <tr>
                    <td>self</td>
                    <td class="code"><pre>&lt;django.db.models.sql.query.Query object at 
0x0000015AD6994230&gt;</pre></td>
                  </tr>
                
              </tbody>
            </table>
            </details>
          
        </li>
      
    </ul>
  </div>

  <form action="https://dpaste.com/" name="pasteform" id="pasteform" method="post">
  <div id="pastebinTraceback" class="pastebin">
    <input type="hidden" name="language" value="PythonConsole">
    <input type="hidden" name="title"
      value="FieldError at /api/admin/customers/">
    <input type="hidden" name="source" value="Django Dpaste Agent">
    <input type="hidden" name="poster" value="Django">
    <textarea name="content" id="traceback_area" cols="140" rows="25">
Environment:


Request Method: GET
Request URL: http://127.0.0.1:8000/api/admin/customers/

Django Version: 5.2.11
Python Version: 3.14.3
Installed Applications:
[&#x27;django.contrib.admin&#x27;,
 &#x27;django.contrib.auth&#x27;,
 &#x27;django.contrib.contenttypes&#x27;,
 &#x27;django.contrib.sessions&#x27;,
 &#x27;django.contrib.messages&#x27;,
 &#x27;django.contrib.staticfiles&#x27;,
 &#x27;rest_framework&#x27;,
 &#x27;corsheaders&#x27;,
 &#x27;account&#x27;,
 &#x27;eadmin&#x27;,
 &#x27;efrontend&#x27;,
 &#x27;chatapp&#x27;,
 &#x27;company&#x27;]
Installed Middleware:
[&#x27;corsheaders.middleware.CorsMiddleware&#x27;,
 &#x27;django.middleware.security.SecurityMiddleware&#x27;,
 &#x27;django.contrib.sessions.middleware.SessionMiddleware&#x27;,
 &#x27;django.middleware.common.CommonMiddleware&#x27;,
 &#x27;django.middleware.csrf.CsrfViewMiddleware&#x27;,
 &#x27;django.contrib.auth.middleware.AuthenticationMiddleware&#x27;,
 &#x27;django.contrib.messages.middleware.MessageMiddleware&#x27;,
 &#x27;django.middleware.clickjacking.XFrameOptionsMiddleware&#x27;]



Traceback (most recent call last):
  File "C:\Users\Del\AppData\Roaming\Python\Python314\site-packages\django\core\handlers\exception.py", line 55, in 
inner
    response = get_response(request)
               ^^^^^^^^^^^^^^^^^^^^^
  File "C:\Users\Del\AppData\Roaming\Python\Python314\site-packages\django\core\handlers\base.py", line 197, in 
_get_response
    response = wrapped_callback(request, *callback_args, **callback_kwargs)
               ^^^^^^^^^^^^^^^^^^^^^^^^^^^^^^^^^^^^^^^^^^^^^^^^^^^^^^^^^^^^
  File "C:\Users\Del\AppData\Roaming\Python\Python314\site-packages\django\views\decorators\csrf.py", line 65, in 
_view_wrapper
    return view_func(request, *args, **kwargs)
           ^^^^^^^^^^^^^^^^^^^^^^^^^^^^^^^^^^^
  File "C:\Users\Del\AppData\Roaming\Python\Python314\site-packages\rest_framework\viewsets.py", line 125, in view
    return self.dispatch(request, *args, **kwargs)
           ^^^^^^^^^^^^^^^^^^^^^^^^^^^^^^^^^^^^^^^
  File "C:\Users\Del\AppData\Roaming\Python\Python314\site-packages\rest_framework\views.py", line 515, in dispatch
    response = self.handle_exception(exc)
               ^^^^^^^^^^^^^^^^^^^^^^^^^^
  File "C:\Users\Del\AppData\Roaming\Python\Python314\site-packages\rest_framework\views.py", line 475, in 
handle_exception
    self.raise_uncaught_exception(exc)
    ^^^^^^^^^^^^^^^^^^^^^^^^^^^^^^^^^^
  File "C:\Users\Del\AppData\Roaming\Python\Python314\site-packages\rest_framework\views.py", line 486, in 
raise_uncaught_exception
    raise exc
    ^^^^^^^^^
  File "C:\Users\Del\AppData\Roaming\Python\Python314\site-packages\rest_framework\views.py", line 512, in dispatch
    response = handler(request, *args, **kwargs)
               ^^^^^^^^^^^^^^^^^^^^^^^^^^^^^^^^^
  File "C:\Users\Del\AppData\Roaming\Python\Python314\site-packages\rest_framework\mixins.py", line 38, in list
    queryset = self.filter_queryset(self.get_queryset())
                                    ^^^^^^^^^^^^^^^^^^^
  File "C:\Users\Del\Documents\code\algoflow 
architecture\files\algoflow-multivendor-saas-complete\algoflow-e1\backend\eadmin\views.py", line 190, in get_queryset
    ).annotate(order_count=Count(&#x27;order&#x27;), total_spent=Sum(&#x27;order__total_amount&#x27;))
      ^^^^^^^^^^^^^^^^^^^^^^^^^^^^^^^^^^^^^^^^^^^^^^^^^^^^^^^^^^^^^^^^^^^^^^^^^^^^
  File "C:\Users\Del\AppData\Roaming\Python\Python314\site-packages\django\db\models\query.py", line 1654, in annotate
    return self._annotate(args, kwargs, select=True)
           ^^^^^^^^^^^^^^^^^^^^^^^^^^^^^^^^^^^^^^^^^
  File "C:\Users\Del\AppData\Roaming\Python\Python314\site-packages\django\db\models\query.py", line 1706, in _annotate
    clone.query.add_annotation(
    ^
  File "C:\Users\Del\AppData\Roaming\Python\Python314\site-packages\django\db\models\sql\query.py", line 1220, in 
add_annotation
    annotation = annotation.resolve_expression(self, allow_joins=True, reuse=None)
                 ^^^^^^^^^^^^^^^^^^^^^^^^^^^^^^^^^^^^^^^^^^^^^^^^^^^^^^^^^^^^^^^^^
  File "C:\Users\Del\AppData\Roaming\Python\Python314\site-packages\django\db\models\aggregates.py", line 176, in 
resolve_expression
    result = super().resolve_expression(*args, **kwargs)
             ^^^^^^^^^^^^^^^^^^^^^^^^^^^^^^^^^^^^^^^^^^^
  File "C:\Users\Del\AppData\Roaming\Python\Python314\site-packages\django\db\models\aggregates.py", line 63, in 
resolve_expression
    c = super().resolve_expression(query, allow_joins, reuse, summarize)
        ^^^^^^^^^^^^^^^^^^^^^^^^^^^^^^^^^^^^^^^^^^^^^^^^^^^^^^^^^^^^^^^^
  File "C:\Users\Del\AppData\Roaming\Python\Python314\site-packages\django\db\models\expressions.py", line 300, in 
resolve_expression
    expr.resolve_expression(query, allow_joins, reuse, summarize, for_save)
    ^^^^^^^^^^^^^^^^^^^^^^^^^^^^^^^^^^^^^^^^^^^^^^^^^^^^^^^^^^^^^^^^^^^^^^^
  File "C:\Users\Del\AppData\Roaming\Python\Python314\site-packages\django\db\models\expressions.py", line 902, in 
resolve_expression
    return query.resolve_ref(self.name, allow_joins, reuse, summarize)
           ^^^^^^^^^^^^^^^^^^^^^^^^^^^^^^^^^^^^^^^^^^^^^^^^^^^^^^^^^^^
  File "C:\Users\Del\AppData\Roaming\Python\Python314\site-packages\django\db\models\sql\query.py", line 2057, in 
resolve_ref
    join_info = self.setup_joins(
                
  File "C:\Users\Del\AppData\Roaming\Python\Python314\site-packages\django\db\models\sql\query.py", line 1908, in 
setup_joins
    path, final_field, targets, rest = self.names_to_path(
                                       
  File "C:\Users\Del\AppData\Roaming\Python\Python314\site-packages\django\db\models\sql\query.py", line 1813, in 
names_to_path
    raise FieldError(
    ^

Exception Type: FieldError at /api/admin/customers/
Exception Value: Cannot resolve keyword &#x27;order&#x27; into field. Choices are: activities, airecommendation, 
assigned_chats, assigned_tickets, cart_items, chatsession, company, company_id, created_at, email, email_verified, 
emailverificationtoken, firebase_uid, groups, id, is_active, is_admin, is_staff, is_superuser, last_login, logentry, 
name, notes, orders, owned_companies, password, password_reset_tokens, phone_number, possale, review, role, 
serviceticket, staff_profile, updated_at, user_permissions, username, wishlist_items, wishlists
</textarea>
  <br><br>
  <input type="submit" value="Share this traceback on a public website">
  </div>
</form>

</div>


<div id="requestinfo">
  <h2>Request information</h2>


  
    <h3 id="user-info">USER</h3>
    <p>admin@neostore.com</p>
  

  <h3 id="get-info">GET</h3>
  
    <p>No GET data</p>
  

  <h3 id="post-info">POST</h3>
  
    <p>No POST data</p>
  

  <h3 id="files-info">FILES</h3>
  
    <p>No FILES data</p>
  

  <h3 id="cookie-info">COOKIES</h3>
  
    <table class="req">
      <thead>
        <tr>
          <th scope="col">Variable</th>
          <th scope="col">Value</th>
        </tr>
      </thead>
      <tbody>
        
          <tr>
            <td>access_token</td>
            <td class="code"><pre>&#x27;********************&#x27;</pre></td>
          </tr>
        
      </tbody>
    </table>
  

  <h3 id="meta-info">META</h3>
  <table class="req">
    <thead>
      <tr>
        <th scope="col">Variable</th>
        <th scope="col">Value</th>
      </tr>
    </thead>
    <tbody>
      
        <tr>
          <td>ALLUSERSPROFILE</td>
          <td class="code"><pre>&#x27;C:\\ProgramData&#x27;</pre></td>
        </tr>
      
        <tr>
          <td>ANTIGRAVITY_AGENT</td>
          <td class="code"><pre>&#x27;1&#x27;</pre></td>
        </tr>
      
        <tr>
          <td>ANTIGRAVITY_EDITOR_APP_ROOT</td>
          <td 
class="code"><pre>&#x27;c:\\Users\\Del\\AppData\\Local\\Programs\\Antigravity\\resources\\app&#x27;</pre></td>
        </tr>
      
        <tr>
          <td>ANTIGRAVITY_TRAJECTORY_ID</td>
          <td class="code"><pre>&#x27;bb44c1de-2b7d-4d48-967f-8ed4ff71a837&#x27;</pre></td>
        </tr>
      
        <tr>
          <td>APPDATA</td>
          <td class="code"><pre>&#x27;C:\\Users\\Del\\AppData\\Roaming&#x27;</pre></td>
        </tr>
      
        <tr>
          <td>CHOCOLATEYINSTALL</td>
          <td class="code"><pre>&#x27;C:\\ProgramData\\chocolatey&#x27;</pre></td>
        </tr>
      
        <tr>
          <td>CHOCOLATEYLASTPATHUPDATE</td>
          <td class="code"><pre>&#x27;134166508123657277&#x27;</pre></td>
        </tr>
      
        <tr>
          <td>CHROME_CRASHPAD_PIPE_NAME</td>
          <td class="code"><pre>&#x27;\\\\.\\pipe\\crashpad_11684_JMOMWOKIXDHOWRJH&#x27;</pre></td>
        </tr>
      
        <tr>
          <td>COLOR</td>
          <td class="code"><pre>&#x27;1&#x27;</pre></td>
        </tr>
      
        <tr>
          <td>COMMONPROGRAMFILES</td>
          <td class="code"><pre>&#x27;C:\\Program Files\\Common Files&#x27;</pre></td>
        </tr>
      
        <tr>
          <td>COMMONPROGRAMFILES(X86)</td>
          <td class="code"><pre>&#x27;C:\\Program Files (x86)\\Common Files&#x27;</pre></td>
        </tr>
      
        <tr>
          <td>COMMONPROGRAMW6432</td>
          <td class="code"><pre>&#x27;C:\\Program Files\\Common Files&#x27;</pre></td>
        </tr>
      
        <tr>
          <td>COMPUTERNAME</td>
          <td class="code"><pre>&#x27;DELL&#x27;</pre></td>
        </tr>
      
        <tr>
          <td>COMSPEC</td>
          <td class="code"><pre>&#x27;C:\\WINDOWS\\system32\\cmd.exe&#x27;</pre></td>
        </tr>
      
        <tr>
          <td>CONTENT_LENGTH</td>
          <td class="code"><pre>&#x27;&#x27;</pre></td>
        </tr>
      
        <tr>
          <td>CONTENT_TYPE</td>
          <td class="code"><pre>&#x27;application/json&#x27;</pre></td>
        </tr>
      
        <tr>
          <td>DJANGO_SETTINGS_MODULE</td>
          <td class="code"><pre>&#x27;fixitall_backend.settings&#x27;</pre></td>
        </tr>
      
        <tr>
          <td>DRIVERDATA</td>
          <td class="code"><pre>&#x27;C:\\Windows\\System32\\Drivers\\DriverData&#x27;</pre></td>
        </tr>
      
        <tr>
          <td>EDITOR</td>
          <td class="code"><pre>&#x27;C:\\WINDOWS\\notepad.exe&#x27;</pre></td>
        </tr>
      
        <tr>
          <td>EFC_18332_1262719628</td>
          <td class="code"><pre>&#x27;1&#x27;</pre></td>
        </tr>
      
        <tr>
          <td>EFC_18332_1592913036</td>
          <td class="code"><pre>&#x27;1&#x27;</pre></td>
        </tr>
      
        <tr>
          <td>EFC_18332_2283032206</td>
          <td class="code"><pre>&#x27;1&#x27;</pre></td>
        </tr>
      
        <tr>
          <td>EFC_18332_2775293581</td>
          <td class="code"><pre>&#x27;1&#x27;</pre></td>
        </tr>
      
        <tr>
          <td>EFC_18332_2946480783</td>
          <td class="code"><pre>&#x27;1&#x27;</pre></td>
        </tr>
      
        <tr>
          <td>EFC_18332_344590478</td>
          <td class="code"><pre>&#x27;1&#x27;</pre></td>
        </tr>
      
        <tr>
          <td>EFC_18332_3789132940</td>
          <td class="code"><pre>&#x27;1&#x27;</pre></td>
        </tr>
      
        <tr>
          <td>EFC_18332_4126798990</td>
          <td class="code"><pre>&#x27;1&#x27;</pre></td>
        </tr>
      
        <tr>
          <td>FPS_BROWSER_APP_PROFILE_STRING</td>
          <td class="code"><pre>&#x27;Internet Explorer&#x27;</pre></td>
        </tr>
      
        <tr>
          <td>FPS_BROWSER_USER_PROFILE_STRING</td>
          <td class="code"><pre>&#x27;Default&#x27;</pre></td>
        </tr>
      
        <tr>
          <td>GATEWAY_INTERFACE</td>
          <td class="code"><pre>&#x27;CGI/1.1&#x27;</pre></td>
        </tr>
      
        <tr>
          <td>HOME</td>
          <td class="code"><pre>&#x27;C:\\Users\\Del&#x27;</pre></td>
        </tr>
      
        <tr>
          <td>HOMEDRIVE</td>
          <td class="code"><pre>&#x27;C:&#x27;</pre></td>
        </tr>
      
        <tr>
          <td>HOMEPATH</td>
          <td class="code"><pre>&#x27;\\Users\\Del&#x27;</pre></td>
        </tr>
      
        <tr>
          <td>HTTP_CONNECTION</td>
          <td class="code"><pre>&#x27;keep-alive&#x27;</pre></td>
        </tr>
      
        <tr>
          <td>HTTP_COOKIE</td>
          <td class="code"><pre>&#x27;********************&#x27;</pre></td>
        </tr>
      
        <tr>
          <td>HTTP_HOST</td>
          <td class="code"><pre>&#x27;127.0.0.1:8000&#x27;</pre></td>
        </tr>
      
        <tr>
          <td>HTTP_X_FORWARDED_HOST</td>
          <td class="code"><pre>&#x27;127.0.0.1&#x27;</pre></td>
        </tr>
      
        <tr>
          <td>INIT_CWD</td>
          <td class="code"><pre>(&#x27;C:\\Users\\Del\\Documents\\code\\algoflow &#x27;
 &#x27;architecture\\files\\algoflow-multivendor-saas-complete\\algoflow-e1&#x27;)</pre></td>
        </tr>
      
        <tr>
          <td>LOCALAPPDATA</td>
          <td class="code"><pre>&#x27;C:\\Users\\Del\\AppData\\Local&#x27;</pre></td>
        </tr>
      
        <tr>
          <td>LOGONSERVER</td>
          <td class="code"><pre>&#x27;\\\\DELL&#x27;</pre></td>
        </tr>
      
        <tr>
          <td>NODE</td>
          <td class="code"><pre>&#x27;C:\\Program Files\\nodejs\\node.exe&#x27;</pre></td>
        </tr>
      
        <tr>
          <td>NODE_ENV</td>
          <td class="code"><pre>&#x27;development&#x27;</pre></td>
        </tr>
      
        <tr>
          <td>NPM_COMMAND</td>
          <td class="code"><pre>&#x27;run&#x27;</pre></td>
        </tr>
      
        <tr>
          <td>NPM_CONFIG_CACHE</td>
          <td class="code"><pre>&#x27;C:\\Users\\Del\\AppData\\Local\\npm-cache&#x27;</pre></td>
        </tr>
      
        <tr>
          <td>NPM_CONFIG_GLOBALCONFIG</td>
          <td class="code"><pre>&#x27;C:\\Users\\Del\\AppData\\Roaming\\npm\\etc\\npmrc&#x27;</pre></td>
        </tr>
      
        <tr>
          <td>NPM_CONFIG_GLOBAL_PREFIX</td>
          <td class="code"><pre>&#x27;C:\\Users\\Del\\AppData\\Roaming\\npm&#x27;</pre></td>
        </tr>
      
        <tr>
          <td>NPM_CONFIG_INIT_MODULE</td>
          <td class="code"><pre>&#x27;C:\\Users\\Del\\.npm-init.js&#x27;</pre></td>
        </tr>
      
        <tr>
          <td>NPM_CONFIG_LOCAL_PREFIX</td>
          <td class="code"><pre>(&#x27;C:\\Users\\Del\\Documents\\code\\algoflow &#x27;
 &#x27;architecture\\files\\algoflow-multivendor-saas-complete\\algoflow-e1&#x27;)</pre></td>
        </tr>
      
        <tr>
          <td>NPM_CONFIG_NODE_GYP</td>
          <td class="code"><pre>(&#x27;C:\\Program &#x27;
 &#x27;Files\\nodejs\\node_modules\\npm\\node_modules\\node-gyp\\bin\\node-gyp.js&#x27;)</pre></td>
        </tr>
      
        <tr>
          <td>NPM_CONFIG_NOPROXY</td>
          <td class="code"><pre>&#x27;&#x27;</pre></td>
        </tr>
      
        <tr>
          <td>NPM_CONFIG_NPM_VERSION</td>
          <td class="code"><pre>&#x27;11.9.0&#x27;</pre></td>
        </tr>
      
        <tr>
          <td>NPM_CONFIG_PREFIX</td>
          <td class="code"><pre>&#x27;C:\\Users\\Del\\AppData\\Roaming\\npm&#x27;</pre></td>
        </tr>
      
        <tr>
          <td>NPM_CONFIG_USERCONFIG</td>
          <td class="code"><pre>&#x27;C:\\Users\\Del\\.npmrc&#x27;</pre></td>
        </tr>
      
        <tr>
          <td>NPM_CONFIG_USER_AGENT</td>
          <td class="code"><pre>&#x27;npm/11.9.0 node/v24.14.0 win32 x64 workspaces/false&#x27;</pre></td>
        </tr>
      
        <tr>
          <td>NPM_EXECPATH</td>
          <td class="code"><pre>&#x27;C:\\Program Files\\nodejs\\node_modules\\npm\\bin\\npm-cli.js&#x27;</pre></td>
        </tr>
      
        <tr>
          <td>NPM_LIFECYCLE_EVENT</td>
          <td class="code"><pre>&#x27;dev&#x27;</pre></td>
        </tr>
      
        <tr>
          <td>NPM_LIFECYCLE_SCRIPT</td>
          <td class="code"><pre>&#x27;tsx server.ts&#x27;</pre></td>
        </tr>
      
        <tr>
          <td>NPM_NODE_EXECPATH</td>
          <td class="code"><pre>&#x27;C:\\Program Files\\nodejs\\node.exe&#x27;</pre></td>
        </tr>
      
        <tr>
          <td>NPM_PACKAGE_JSON</td>
          <td class="code"><pre>(&#x27;C:\\Users\\Del\\Documents\\code\\algoflow &#x27;
 &#x27;architecture\\files\\algoflow-multivendor-saas-complete\\algoflow-e1\\package.json&#x27;)</pre></td>
        </tr>
      
        <tr>
          <td>NPM_PACKAGE_NAME</td>
          <td class="code"><pre>&#x27;vite_react_shadcn_ts&#x27;</pre></td>
        </tr>
      
        <tr>
          <td>NPM_PACKAGE_VERSION</td>
          <td class="code"><pre>&#x27;0.0.0&#x27;</pre></td>
        </tr>
      
        <tr>
          <td>NUMBER_OF_PROCESSORS</td>
          <td class="code"><pre>&#x27;4&#x27;</pre></td>
        </tr>
      
        <tr>
          <td>ONEDRIVE</td>
          <td class="code"><pre>&#x27;C:\\Users\\Del\\OneDrive&#x27;</pre></td>
        </tr>
      
        <tr>
          <td>OS</td>
          <td class="code"><pre>&#x27;Windows_NT&#x27;</pre></td>
        </tr>
      
        <tr>
          <td>PATH</td>
          <td class="code"><pre>(&#x27;C:\\Users\\Del\\Documents\\code\\algoflow &#x27;
 &#x27;architecture\\files\\algoflow-multivendor-saas-complete\\algoflow-e1\\node_modules\\.bin;C:\\Users\\Del\\Documen
ts\\code\\algoflow &#x27;
 &#x27;architecture\\files\\algoflow-multivendor-saas-complete\\node_modules\\.bin;C:\\Users\\Del\\Documents\\code\\alg
oflow &#x27;
 &#x27;architecture\\files\\node_modules\\.bin;C:\\Users\\Del\\Documents\\code\\algoflow &#x27;
 &#x27;architecture\\node_modules\\.bin;C:\\Users\\Del\\Documents\\code\\node_modules\\.bin;C:\\Users\\Del\\Documents\\
node_modules\\.bin;C:\\Users\\Del\\node_modules\\.bin;C:\\Users\\node_modules\\.bin;C:\\node_modules\\.bin;C:\\Program 
&#x27;
 &#x27;Files\\nodejs\\node_modules\\npm\\node_modules\\@npmcli\\run-script\\lib\\node-gyp-bin;C:\\Python314\\Scripts\\;
C:\\Python314\\;C:\\WINDOWS\\system32;C:\\WINDOWS;C:\\WINDOWS\\System32\\Wbem;C:\\WINDOWS\\System32\\WindowsPowerShell\
\v1.0\\;C:\\WINDOWS\\System32\\OpenSSH\\;C:\\Program &#x27;
 &#x27;Files\\dotnet\\;C:\\Program &#x27;
 &#x27;Files\\nodejs\\;C:\\ProgramData\\chocolatey\\bin;C:\\Program &#x27;
 &#x27;Files\\Docker\\Docker\\resources\\bin;C:\\Program &#x27;
 &#x27;Files\\Git\\cmd;C:\\Users\\Del\\.cargo\\bin;C:\\Users\\Del\\AppData\\Local\\Microsoft\\WindowsApps;C:\\Users\\De
l\\AppData\\Local\\Programs\\Qoder\\bin;C:\\Users\\Del\\AppData\\Local\\Python\\bin;C:\\Users\\Del\\AppData\\Roaming\\n
pm;C:\\Users\\Del\\AppData\\Local\\Programs\\cursor\\resources\\app\\bin;C:\\Users\\Del\\AppData\\Local\\Programs\\Anti
gravity\\bin;C:\\Users\\Del\\AppData\\Local\\Programs\\Microsoft &#x27;
 &#x27;VS Code\\bin&#x27;)</pre></td>
        </tr>
      
        <tr>
          <td>PATHEXT</td>
          <td 
class="code"><pre>&#x27;.COM;.EXE;.BAT;.CMD;.VBS;.VBE;.JS;.JSE;.WSF;.WSH;.MSC;.PY;.PYW;.CPL&#x27;</pre></td>
        </tr>
      
        <tr>
          <td>PATH_INFO</td>
          <td class="code"><pre>&#x27;/api/admin/customers/&#x27;</pre></td>
        </tr>
      
        <tr>
          <td>PROCESSOR_ARCHITECTURE</td>
          <td class="code"><pre>&#x27;AMD64&#x27;</pre></td>
        </tr>
      
        <tr>
          <td>PROCESSOR_IDENTIFIER</td>
          <td class="code"><pre>&#x27;Intel64 Family 6 Model 158 Stepping 9, GenuineIntel&#x27;</pre></td>
        </tr>
      
        <tr>
          <td>PROCESSOR_LEVEL</td>
          <td class="code"><pre>&#x27;6&#x27;</pre></td>
        </tr>
      
        <tr>
          <td>PROCESSOR_REVISION</td>
          <td class="code"><pre>&#x27;9e09&#x27;</pre></td>
        </tr>
      
        <tr>
          <td>PROGRAMDATA</td>
          <td class="code"><pre>&#x27;C:\\ProgramData&#x27;</pre></td>
        </tr>
      
        <tr>
          <td>PROGRAMFILES</td>
          <td class="code"><pre>&#x27;C:\\Program Files&#x27;</pre></td>
        </tr>
      
        <tr>
          <td>PROGRAMFILES(X86)</td>
          <td class="code"><pre>&#x27;C:\\Program Files (x86)&#x27;</pre></td>
        </tr>
      
        <tr>
          <td>PROGRAMW6432</td>
          <td class="code"><pre>&#x27;C:\\Program Files&#x27;</pre></td>
        </tr>
      
        <tr>
          <td>PROMPT</td>
          <td class="code"><pre>&#x27;$P$G&#x27;</pre></td>
        </tr>
      
        <tr>
          <td>PSMODULEPATH</td>
          <td class="code"><pre>(&#x27;C:\\Users\\Del\\Documents\\WindowsPowerShell\\Modules;C:\\Program &#x27;
 &#x27;Files\\WindowsPowerShell\\Modules;C:\\WINDOWS\\system32\\WindowsPowerShell\\v1.0\\Modules&#x27;)</pre></td>
        </tr>
      
        <tr>
          <td>PUBLIC</td>
          <td class="code"><pre>&#x27;C:\\Users\\Public&#x27;</pre></td>
        </tr>
      
        <tr>
          <td>PYTHONUNBUFFERED</td>
          <td class="code"><pre>&#x27;1&#x27;</pre></td>
        </tr>
      
        <tr>
          <td>QUERY_STRING</td>
          <td class="code"><pre>&#x27;&#x27;</pre></td>
        </tr>
      
        <tr>
          <td>REMOTE_ADDR</td>
          <td class="code"><pre>&#x27;127.0.0.1&#x27;</pre></td>
        </tr>
      
        <tr>
          <td>REMOTE_HOST</td>
          <td class="code"><pre>&#x27;&#x27;</pre></td>
        </tr>
      
        <tr>
          <td>REQUEST_METHOD</td>
          <td class="code"><pre>&#x27;GET&#x27;</pre></td>
        </tr>
      
        <tr>
          <td>SCRIPT_NAME</td>
          <td class="code"><pre>&#x27;&#x27;</pre></td>
        </tr>
      
        <tr>
          <td>SERVER_NAME</td>
          <td class="code"><pre>&#x27;Dell&#x27;</pre></td>
        </tr>
      
        <tr>
          <td>SERVER_PORT</td>
          <td class="code"><pre>&#x27;8000&#x27;</pre></td>
        </tr>
      
        <tr>
          <td>SERVER_PROTOCOL</td>
          <td class="code"><pre>&#x27;HTTP/1.1&#x27;</pre></td>
        </tr>
      
        <tr>
          <td>SERVER_SOFTWARE</td>
          <td class="code"><pre>&#x27;WSGIServer/0.2&#x27;</pre></td>
        </tr>
      
        <tr>
          <td>SESSIONNAME</td>
          <td class="code"><pre>&#x27;Console&#x27;</pre></td>
        </tr>
      
        <tr>
          <td>SYSTEMDRIVE</td>
          <td class="code"><pre>&#x27;C:&#x27;</pre></td>
        </tr>
      
        <tr>
          <td>SYSTEMROOT</td>
          <td class="code"><pre>&#x27;C:\\WINDOWS&#x27;</pre></td>
        </tr>
      
        <tr>
          <td>TEMP</td>
          <td class="code"><pre>&#x27;C:\\Users\\Del\\AppData\\Local\\Temp&#x27;</pre></td>
        </tr>
      
        <tr>
          <td>TMP</td>
          <td class="code"><pre>&#x27;C:\\Users\\Del\\AppData\\Local\\Temp&#x27;</pre></td>
        </tr>
      
        <tr>
          <td>USERDOMAIN</td>
          <td class="code"><pre>&#x27;Dell&#x27;</pre></td>
        </tr>
      
        <tr>
          <td>USERDOMAIN_ROAMINGPROFILE</td>
          <td class="code"><pre>&#x27;Dell&#x27;</pre></td>
        </tr>
      
        <tr>
          <td>USERNAME</td>
          <td class="code"><pre>&#x27;Del&#x27;</pre></td>
        </tr>
      
        <tr>
          <td>USERPROFILE</td>
          <td class="code"><pre>&#x27;C:\\Users\\Del&#x27;</pre></td>
        </tr>
      
        <tr>
          <td>VSCODE_CODE_CACHE_PATH</td>
          <td class="code"><pre>&#x27;C:\\Users\\Del\\AppData\\Roaming\\Antigravity\\CachedData\\15487b3041e65228cae249
80a3f796c905ef582c&#x27;</pre></td>
        </tr>
      
        <tr>
          <td>VSCODE_CWD</td>
          <td class="code"><pre>&#x27;C:\\Users\\Del\\AppData\\Local\\Programs\\Antigravity&#x27;</pre></td>
        </tr>
      
        <tr>
          <td>VSCODE_IPC_HOOK</td>
          <td class="code"><pre>&#x27;\\\\.\\pipe\\5e86bbbf-1.107.0-main-sock&#x27;</pre></td>
        </tr>
      
        <tr>
          <td>VSCODE_NLS_CONFIG</td>
          <td class="code"><pre>&#x27;{&quot;userLocale&quot;:&quot;en-us&quot;,&quot;osLocale&quot;:&quot;en-us&quot;,
&quot;resolvedLanguage&quot;:&quot;en&quot;,&quot;defaultMessagesFile&quot;:&quot;C:\\\\Users\\\\Del\\\\AppData\\\\Loca
l\\\\Programs\\\\Antigravity\\\\resources\\\\app\\\\out\\\\nls.messages.json&quot;,&quot;locale&quot;:&quot;en-us&quot;
,&quot;availableLanguages&quot;:{}}&#x27;</pre></td>
        </tr>
      
        <tr>
          <td>VSCODE_PID</td>
          <td class="code"><pre>&#x27;11684&#x27;</pre></td>
        </tr>
      
        <tr>
          <td>WINDIR</td>
          <td class="code"><pre>&#x27;C:\\WINDOWS&#x27;</pre></td>
        </tr>
      
        <tr>
          <td>ZES_ENABLE_SYSMAN</td>
          <td class="code"><pre>&#x27;1&#x27;</pre></td>
        </tr>
      
        <tr>
          <td>wsgi.errors</td>
          <td class="code"><pre>&lt;_io.TextIOWrapper name=&#x27;&lt;stderr&gt;&#x27; mode=&#x27;w&#x27; 
encoding=&#x27;cp1252&#x27;&gt;</pre></td>
        </tr>
      
        <tr>
          <td>wsgi.file_wrapper</td>
          <td class="code"><pre>&lt;class &#x27;wsgiref.util.FileWrapper&#x27;&gt;</pre></td>
        </tr>
      
        <tr>
          <td>wsgi.input</td>
          <td class="code"><pre>&lt;django.core.handlers.wsgi.LimitedStream object at 0x0000015AD696F130&gt;</pre></td>
        </tr>
      
        <tr>
          <td>wsgi.multiprocess</td>
          <td class="code"><pre>False</pre></td>
        </tr>
      
        <tr>
          <td>wsgi.multithread</td>
          <td class="code"><pre>True</pre></td>
        </tr>
      
        <tr>
          <td>wsgi.run_once</td>
          <td class="code"><pre>False</pre></td>
        </tr>
      
        <tr>
          <td>wsgi.url_scheme</td>
          <td class="code"><pre>&#x27;http&#x27;</pre></td>
        </tr>
      
        <tr>
          <td>wsgi.version</td>
          <td class="code"><pre>(1, 0)</pre></td>
        </tr>
      
    </tbody>
  </table>


  <h3 id="settings-info">Settings</h3>
  <h4>Using settings module <code>fixitall_backend.settings</code></h4>
  <table class="req">
    <thead>
      <tr>
        <th scope="col">Setting</th>
        <th scope="col">Value</th>
      </tr>
    </thead>
    <tbody>
      
        <tr>
          <td>ABSOLUTE_URL_OVERRIDES</td>
          <td class="code"><pre>{}</pre></td>
        </tr>
      
        <tr>
          <td>ADMINS</td>
          <td class="code"><pre>[]</pre></td>
        </tr>
      
        <tr>
          <td>ALLOWED_HOSTS</td>
          <td class="code"><pre>[&#x27;*&#x27;]</pre></td>
        </tr>
      
        <tr>
          <td>APPEND_SLASH</td>
          <td class="code"><pre>True</pre></td>
        </tr>
      
        <tr>
          <td>ASGI_APPLICATION</td>
          <td class="code"><pre>&#x27;fixitall_backend.asgi.application&#x27;</pre></td>
        </tr>
      
        <tr>
          <td>AUTHENTICATION_BACKENDS</td>
          <td class="code"><pre>&#x27;********************&#x27;</pre></td>
        </tr>
      
        <tr>
          <td>AUTH_PASSWORD_VALIDATORS</td>
          <td class="code"><pre>&#x27;********************&#x27;</pre></td>
        </tr>
      
        <tr>
          <td>AUTH_USER_MODEL</td>
          <td class="code"><pre>&#x27;********************&#x27;</pre></td>
        </tr>
      
        <tr>
          <td>BASE_DIR</td>
          <td class="code"><pre>WindowsPath(&#x27;C:/Users/Del/Documents/code/algoflow 
architecture/files/algoflow-multivendor-saas-complete/algoflow-e1/backend&#x27;)</pre></td>
        </tr>
      
        <tr>
          <td>CACHES</td>
          <td class="code"><pre>{&#x27;default&#x27;: {&#x27;BACKEND&#x27;: 
&#x27;django.core.cache.backends.locmem.LocMemCache&#x27;}}</pre></td>
        </tr>
      
        <tr>
          <td>CACHE_MIDDLEWARE_ALIAS</td>
          <td class="code"><pre>&#x27;default&#x27;</pre></td>
        </tr>
      
        <tr>
          <td>CACHE_MIDDLEWARE_KEY_PREFIX</td>
          <td class="code"><pre>&#x27;********************&#x27;</pre></td>
        </tr>
      
        <tr>
          <td>CACHE_MIDDLEWARE_SECONDS</td>
          <td class="code"><pre>600</pre></td>
        </tr>
      
        <tr>
          <td>CELERY_ACCEPT_CONTENT</td>
          <td class="code"><pre>[&#x27;json&#x27;]</pre></td>
        </tr>
      
        <tr>
          <td>CELERY_BROKER_URL</td>
          <td class="code"><pre>&#x27;redis://localhost:6379/0&#x27;</pre></td>
        </tr>
      
        <tr>
          <td>CELERY_RESULT_BACKEND</td>
          <td class="code"><pre>&#x27;redis://localhost:6379/0&#x27;</pre></td>
        </tr>
      
        <tr>
          <td>CELERY_RESULT_SERIALIZER</td>
          <td class="code"><pre>&#x27;json&#x27;</pre></td>
        </tr>
      
        <tr>
          <td>CELERY_TASK_ALWAYS_EAGER</td>
          <td class="code"><pre>True</pre></td>
        </tr>
      
        <tr>
          <td>CELERY_TASK_SERIALIZER</td>
          <td class="code"><pre>&#x27;json&#x27;</pre></td>
        </tr>
      
        <tr>
          <td>CELERY_TIMEZONE</td>
          <td class="code"><pre>&#x27;UTC&#x27;</pre></td>
        </tr>
      
        <tr>
          <td>CORS_ALLOW_ALL_ORIGINS</td>
          <td class="code"><pre>True</pre></td>
        </tr>
      
        <tr>
          <td>CORS_ALLOW_CREDENTIALS</td>
          <td class="code"><pre>True</pre></td>
        </tr>
      
        <tr>
          <td>CORS_EXPOSE_HEADERS</td>
          <td class="code"><pre>[&#x27;Content-Type&#x27;, &#x27;X-CSRFToken&#x27;]</pre></td>
        </tr>
      
        <tr>
          <td>CSRF_COOKIE_AGE</td>
          <td class="code"><pre>31449600</pre></td>
        </tr>
      
        <tr>
          <td>CSRF_COOKIE_DOMAIN</td>
          <td class="code"><pre>None</pre></td>
        </tr>
      
        <tr>
          <td>CSRF_COOKIE_HTTPONLY</td>
          <td class="code"><pre>False</pre></td>
        </tr>
      
        <tr>
          <td>CSRF_COOKIE_NAME</td>
          <td class="code"><pre>&#x27;csrftoken&#x27;</pre></td>
        </tr>
      
        <tr>
          <td>CSRF_COOKIE_PATH</td>
          <td class="code"><pre>&#x27;/&#x27;</pre></td>
        </tr>
      
        <tr>
          <td>CSRF_COOKIE_SAMESITE</td>
          <td class="code"><pre>&#x27;Lax&#x27;</pre></td>
        </tr>
      
        <tr>
          <td>CSRF_COOKIE_SECURE</td>
          <td class="code"><pre>False</pre></td>
        </tr>
      
        <tr>
          <td>CSRF_FAILURE_VIEW</td>
          <td class="code"><pre>&#x27;django.views.csrf.csrf_failure&#x27;</pre></td>
        </tr>
      
        <tr>
          <td>CSRF_HEADER_NAME</td>
          <td class="code"><pre>&#x27;HTTP_X_CSRFTOKEN&#x27;</pre></td>
        </tr>
      
        <tr>
          <td>CSRF_TRUSTED_ORIGINS</td>
          <td class="code"><pre>[&#x27;http://localhost:3000&#x27;,
 &#x27;http://127.0.0.1:3000&#x27;,
 &#x27;http://localhost:8081&#x27;,
 &#x27;http://127.0.0.1:8081&#x27;]</pre></td>
        </tr>
      
        <tr>
          <td>CSRF_USE_SESSIONS</td>
          <td class="code"><pre>False</pre></td>
        </tr>
      
        <tr>
          <td>DATABASES</td>
          <td class="code"><pre>{&#x27;default&#x27;: {&#x27;ATOMIC_REQUESTS&#x27;: False,
             &#x27;AUTOCOMMIT&#x27;: True,
             &#x27;CONN_HEALTH_CHECKS&#x27;: False,
             &#x27;CONN_MAX_AGE&#x27;: 0,
             &#x27;ENGINE&#x27;: &#x27;django.db.backends.sqlite3&#x27;,
             &#x27;HOST&#x27;: &#x27;&#x27;,
             &#x27;NAME&#x27;: WindowsPath(&#x27;C:/Users/Del/Documents/code/algoflow 
architecture/files/algoflow-multivendor-saas-complete/algoflow-e1/backend/db.sqlite3&#x27;),
             &#x27;OPTIONS&#x27;: {},
             &#x27;PASSWORD&#x27;: &#x27;********************&#x27;,
             &#x27;PORT&#x27;: &#x27;&#x27;,
             &#x27;TEST&#x27;: {&#x27;CHARSET&#x27;: None,
                      &#x27;COLLATION&#x27;: None,
                      &#x27;MIGRATE&#x27;: True,
                      &#x27;MIRROR&#x27;: None,
                      &#x27;NAME&#x27;: None},
             &#x27;TIME_ZONE&#x27;: None,
             &#x27;USER&#x27;: &#x27;&#x27;}}</pre></td>
        </tr>
      
        <tr>
          <td>DATABASE_ROUTERS</td>
          <td class="code"><pre>[]</pre></td>
        </tr>
      
        <tr>
          <td>DATA_UPLOAD_MAX_MEMORY_SIZE</td>
          <td class="code"><pre>2621440</pre></td>
        </tr>
      
        <tr>
          <td>DATA_UPLOAD_MAX_NUMBER_FIELDS</td>
          <td class="code"><pre>1000</pre></td>
        </tr>
      
        <tr>
          <td>DATA_UPLOAD_MAX_NUMBER_FILES</td>
          <td class="code"><pre>100</pre></td>
        </tr>
      
        <tr>
          <td>DATETIME_FORMAT</td>
          <td class="code"><pre>&#x27;N j, Y, P&#x27;</pre></td>
        </tr>
      
        <tr>
          <td>DATETIME_INPUT_FORMATS</td>
          <td class="code"><pre>[&#x27;%Y-%m-%d %H:%M:%S&#x27;,
 &#x27;%Y-%m-%d %H:%M:%S.%f&#x27;,
 &#x27;%Y-%m-%d %H:%M&#x27;,
 &#x27;%m/%d/%Y %H:%M:%S&#x27;,
 &#x27;%m/%d/%Y %H:%M:%S.%f&#x27;,
 &#x27;%m/%d/%Y %H:%M&#x27;,
 &#x27;%m/%d/%y %H:%M:%S&#x27;,
 &#x27;%m/%d/%y %H:%M:%S.%f&#x27;,
 &#x27;%m/%d/%y %H:%M&#x27;]</pre></td>
        </tr>
      
        <tr>
          <td>DATE_FORMAT</td>
          <td class="code"><pre>&#x27;N j, Y&#x27;</pre></td>
        </tr>
      
        <tr>
          <td>DATE_INPUT_FORMATS</td>
          <td class="code"><pre>[&#x27;%Y-%m-%d&#x27;,
 &#x27;%m/%d/%Y&#x27;,
 &#x27;%m/%d/%y&#x27;,
 &#x27;%b %d %Y&#x27;,
 &#x27;%b %d, %Y&#x27;,
 &#x27;%d %b %Y&#x27;,
 &#x27;%d %b, %Y&#x27;,
 &#x27;%B %d %Y&#x27;,
 &#x27;%B %d, %Y&#x27;,
 &#x27;%d %B %Y&#x27;,
 &#x27;%d %B, %Y&#x27;]</pre></td>
        </tr>
      
        <tr>
          <td>DEBUG</td>
          <td class="code"><pre>True</pre></td>
        </tr>
      
        <tr>
          <td>DEBUG_PROPAGATE_EXCEPTIONS</td>
          <td class="code"><pre>False</pre></td>
        </tr>
      
        <tr>
          <td>DECIMAL_SEPARATOR</td>
          <td class="code"><pre>&#x27;.&#x27;</pre></td>
        </tr>
      
        <tr>
          <td>DEFAULT_AUTO_FIELD</td>
          <td class="code"><pre>&#x27;django.db.models.BigAutoField&#x27;</pre></td>
        </tr>
      
        <tr>
          <td>DEFAULT_CHARSET</td>
          <td class="code"><pre>&#x27;utf-8&#x27;</pre></td>
        </tr>
      
        <tr>
          <td>DEFAULT_EXCEPTION_REPORTER</td>
          <td class="code"><pre>&#x27;django.views.debug.ExceptionReporter&#x27;</pre></td>
        </tr>
      
        <tr>
          <td>DEFAULT_EXCEPTION_REPORTER_FILTER</td>
          <td class="code"><pre>&#x27;django.views.debug.SafeExceptionReporterFilter&#x27;</pre></td>
        </tr>
      
        <tr>
          <td>DEFAULT_FROM_EMAIL</td>
          <td class="code"><pre>&#x27;noreply@fixitall.local&#x27;</pre></td>
        </tr>
      
        <tr>
          <td>DEFAULT_INDEX_TABLESPACE</td>
          <td class="code"><pre>&#x27;&#x27;</pre></td>
        </tr>
      
        <tr>
          <td>DEFAULT_TABLESPACE</td>
          <td class="code"><pre>&#x27;&#x27;</pre></td>
        </tr>
      
        <tr>
          <td>DISALLOWED_USER_AGENTS</td>
          <td class="code"><pre>[]</pre></td>
        </tr>
      
        <tr>
          <td>EMAIL_BACKEND</td>
          <td class="code"><pre>&#x27;django.core.mail.backends.console.EmailBackend&#x27;</pre></td>
        </tr>
      
        <tr>
          <td>EMAIL_HOST</td>
          <td class="code"><pre>&#x27;localhost&#x27;</pre></td>
        </tr>
      
        <tr>
          <td>EMAIL_HOST_PASSWORD</td>
          <td class="code"><pre>&#x27;********************&#x27;</pre></td>
        </tr>
      
        <tr>
          <td>EMAIL_HOST_USER</td>
          <td class="code"><pre>&#x27;&#x27;</pre></td>
        </tr>
      
        <tr>
          <td>EMAIL_PORT</td>
          <td class="code"><pre>25</pre></td>
        </tr>
      
        <tr>
          <td>EMAIL_SSL_CERTFILE</td>
          <td class="code"><pre>None</pre></td>
        </tr>
      
        <tr>
          <td>EMAIL_SSL_KEYFILE</td>
          <td class="code"><pre>&#x27;********************&#x27;</pre></td>
        </tr>
      
        <tr>
          <td>EMAIL_SUBJECT_PREFIX</td>
          <td class="code"><pre>&#x27;[Django] &#x27;</pre></td>
        </tr>
      
        <tr>
          <td>EMAIL_TIMEOUT</td>
          <td class="code"><pre>None</pre></td>
        </tr>
      
        <tr>
          <td>EMAIL_USE_LOCALTIME</td>
          <td class="code"><pre>False</pre></td>
        </tr>
      
        <tr>
          <td>EMAIL_USE_SSL</td>
          <td class="code"><pre>False</pre></td>
        </tr>
      
        <tr>
          <td>EMAIL_USE_TLS</td>
          <td class="code"><pre>False</pre></td>
        </tr>
      
        <tr>
          <td>FILE_UPLOAD_DIRECTORY_PERMISSIONS</td>
          <td class="code"><pre>None</pre></td>
        </tr>
      
        <tr>
          <td>FILE_UPLOAD_HANDLERS</td>
          <td class="code"><pre>[&#x27;django.core.files.uploadhandler.MemoryFileUploadHandler&#x27;,
 &#x27;django.core.files.uploadhandler.TemporaryFileUploadHandler&#x27;]</pre></td>
        </tr>
      
        <tr>
          <td>FILE_UPLOAD_MAX_MEMORY_SIZE</td>
          <td class="code"><pre>2621440</pre></td>
        </tr>
      
        <tr>
          <td>FILE_UPLOAD_PERMISSIONS</td>
          <td class="code"><pre>420</pre></td>
        </tr>
      
        <tr>
          <td>FILE_UPLOAD_TEMP_DIR</td>
          <td class="code"><pre>None</pre></td>
        </tr>
      
        <tr>
          <td>FIRST_DAY_OF_WEEK</td>
          <td class="code"><pre>0</pre></td>
        </tr>
      
        <tr>
          <td>FIXTURE_DIRS</td>
          <td class="code"><pre>[]</pre></td>
        </tr>
      
        <tr>
          <td>FORCE_SCRIPT_NAME</td>
          <td class="code"><pre>None</pre></td>
        </tr>
      
        <tr>
          <td>FORMAT_MODULE_PATH</td>
          <td class="code"><pre>None</pre></td>
        </tr>
      
        <tr>
          <td>FORMS_URLFIELD_ASSUME_HTTPS</td>
          <td class="code"><pre>False</pre></td>
        </tr>
      
        <tr>
          <td>FORM_RENDERER</td>
          <td class="code"><pre>&#x27;django.forms.renderers.DjangoTemplates&#x27;</pre></td>
        </tr>
      
        <tr>
          <td>IGNORABLE_404_URLS</td>
          <td class="code"><pre>[]</pre></td>
        </tr>
      
        <tr>
          <td>INSTALLED_APPS</td>
          <td class="code"><pre>[&#x27;django.contrib.admin&#x27;,
 &#x27;django.contrib.auth&#x27;,
 &#x27;django.contrib.contenttypes&#x27;,
 &#x27;django.contrib.sessions&#x27;,
 &#x27;django.contrib.messages&#x27;,
 &#x27;django.contrib.staticfiles&#x27;,
 &#x27;rest_framework&#x27;,
 &#x27;corsheaders&#x27;,
 &#x27;account&#x27;,
 &#x27;eadmin&#x27;,
 &#x27;efrontend&#x27;,
 &#x27;chatapp&#x27;,
 &#x27;company&#x27;]</pre></td>
        </tr>
      
        <tr>
          <td>INTERNAL_IPS</td>
          <td class="code"><pre>[]</pre></td>
        </tr>
      
        <tr>
          <td>LANGUAGES</td>
          <td class="code"><pre>[(&#x27;af&#x27;, &#x27;Afrikaans&#x27;),
 (&#x27;ar&#x27;, &#x27;Arabic&#x27;),
 (&#x27;ar-dz&#x27;, &#x27;Algerian Arabic&#x27;),
 (&#x27;ast&#x27;, &#x27;Asturian&#x27;),
 (&#x27;az&#x27;, &#x27;Azerbaijani&#x27;),
 (&#x27;bg&#x27;, &#x27;Bulgarian&#x27;),
 (&#x27;be&#x27;, &#x27;Belarusian&#x27;),
 (&#x27;bn&#x27;, &#x27;Bengali&#x27;),
 (&#x27;br&#x27;, &#x27;Breton&#x27;),
 (&#x27;bs&#x27;, &#x27;Bosnian&#x27;),
 (&#x27;ca&#x27;, &#x27;Catalan&#x27;),
 (&#x27;ckb&#x27;, &#x27;Central Kurdish (Sorani)&#x27;),
 (&#x27;cs&#x27;, &#x27;Czech&#x27;),
 (&#x27;cy&#x27;, &#x27;Welsh&#x27;),
 (&#x27;da&#x27;, &#x27;Danish&#x27;),
 (&#x27;de&#x27;, &#x27;German&#x27;),
 (&#x27;dsb&#x27;, &#x27;Lower Sorbian&#x27;),
 (&#x27;el&#x27;, &#x27;Greek&#x27;),
 (&#x27;en&#x27;, &#x27;English&#x27;),
 (&#x27;en-au&#x27;, &#x27;Australian English&#x27;),
 (&#x27;en-gb&#x27;, &#x27;British English&#x27;),
 (&#x27;eo&#x27;, &#x27;Esperanto&#x27;),
 (&#x27;es&#x27;, &#x27;Spanish&#x27;),
 (&#x27;es-ar&#x27;, &#x27;Argentinian Spanish&#x27;),
 (&#x27;es-co&#x27;, &#x27;Colombian Spanish&#x27;),
 (&#x27;es-mx&#x27;, &#x27;Mexican Spanish&#x27;),
 (&#x27;es-ni&#x27;, &#x27;Nicaraguan Spanish&#x27;),
 (&#x27;es-ve&#x27;, &#x27;Venezuelan Spanish&#x27;),
 (&#x27;et&#x27;, &#x27;Estonian&#x27;),
 (&#x27;eu&#x27;, &#x27;Basque&#x27;),
 (&#x27;fa&#x27;, &#x27;Persian&#x27;),
 (&#x27;fi&#x27;, &#x27;Finnish&#x27;),
 (&#x27;fr&#x27;, &#x27;French&#x27;),
 (&#x27;fy&#x27;, &#x27;Frisian&#x27;),
 (&#x27;ga&#x27;, &#x27;Irish&#x27;),
 (&#x27;gd&#x27;, &#x27;Scottish Gaelic&#x27;),
 (&#x27;gl&#x27;, &#x27;Galician&#x27;),
 (&#x27;he&#x27;, &#x27;Hebrew&#x27;),
 (&#x27;hi&#x27;, &#x27;Hindi&#x27;),
 (&#x27;hr&#x27;, &#x27;Croatian&#x27;),
 (&#x27;hsb&#x27;, &#x27;Upper Sorbian&#x27;),
 (&#x27;hu&#x27;, &#x27;Hungarian&#x27;),
 (&#x27;hy&#x27;, &#x27;Armenian&#x27;),
 (&#x27;ia&#x27;, &#x27;Interlingua&#x27;),
 (&#x27;id&#x27;, &#x27;Indonesian&#x27;),
 (&#x27;ig&#x27;, &#x27;Igbo&#x27;),
 (&#x27;io&#x27;, &#x27;Ido&#x27;),
 (&#x27;is&#x27;, &#x27;Icelandic&#x27;),
 (&#x27;it&#x27;, &#x27;Italian&#x27;),
 (&#x27;ja&#x27;, &#x27;Japanese&#x27;),
 (&#x27;ka&#x27;, &#x27;Georgian&#x27;),
 (&#x27;kab&#x27;, &#x27;Kabyle&#x27;),
 (&#x27;kk&#x27;, &#x27;Kazakh&#x27;),
 (&#x27;km&#x27;, &#x27;Khmer&#x27;),
 (&#x27;kn&#x27;, &#x27;Kannada&#x27;),
 (&#x27;ko&#x27;, &#x27;Korean&#x27;),
 (&#x27;ky&#x27;, &#x27;Kyrgyz&#x27;),
 (&#x27;lb&#x27;, &#x27;Luxembourgish&#x27;),
 (&#x27;lt&#x27;, &#x27;Lithuanian&#x27;),
 (&#x27;lv&#x27;, &#x27;Latvian&#x27;),
 (&#x27;mk&#x27;, &#x27;Macedonian&#x27;),
 (&#x27;ml&#x27;, &#x27;Malayalam&#x27;),
 (&#x27;mn&#x27;, &#x27;Mongolian&#x27;),
 (&#x27;mr&#x27;, &#x27;Marathi&#x27;),
 (&#x27;ms&#x27;, &#x27;Malay&#x27;),
 (&#x27;my&#x27;, &#x27;Burmese&#x27;),
 (&#x27;nb&#x27;, &#x27;Norwegian Bokm├뿯½l&#x27;),
 (&#x27;ne&#x27;, &#x27;Nepali&#x27;),
 (&#x27;nl&#x27;, &#x27;Dutch&#x27;),
 (&#x27;nn&#x27;, &#x27;Norwegian Nynorsk&#x27;),
 (&#x27;os&#x27;, &#x27;Ossetic&#x27;),
 (&#x27;pa&#x27;, &#x27;Punjabi&#x27;),
 (&#x27;pl&#x27;, &#x27;Polish&#x27;),
 (&#x27;pt&#x27;, &#x27;Portuguese&#x27;),
 (&#x27;pt-br&#x27;, &#x27;Brazilian Portuguese&#x27;),
 (&#x27;ro&#x27;, &#x27;Romanian&#x27;),
 (&#x27;ru&#x27;, &#x27;Russian&#x27;),
 (&#x27;sk&#x27;, &#x27;Slovak&#x27;),
 (&#x27;sl&#x27;, &#x27;Slovenian&#x27;),
 (&#x27;sq&#x27;, &#x27;Albanian&#x27;),
 (&#x27;sr&#x27;, &#x27;Serbian&#x27;),
 (&#x27;sr-latn&#x27;, &#x27;Serbian Latin&#x27;),
 (&#x27;sv&#x27;, &#x27;Swedish&#x27;),
 (&#x27;sw&#x27;, &#x27;Swahili&#x27;),
 (&#x27;ta&#x27;, &#x27;Tamil&#x27;),
 (&#x27;te&#x27;, &#x27;Telugu&#x27;),
 (&#x27;tg&#x27;, &#x27;Tajik&#x27;),
 (&#x27;th&#x27;, &#x27;Thai&#x27;),
 (&#x27;tk&#x27;, &#x27;Turkmen&#x27;),
 (&#x27;tr&#x27;, &#x27;Turkish&#x27;),
 (&#x27;tt&#x27;, &#x27;Tatar&#x27;),
 (&#x27;udm&#x27;, &#x27;Udmurt&#x27;),
 (&#x27;ug&#x27;, &#x27;Uyghur&#x27;),
 (&#x27;uk&#x27;, &#x27;Ukrainian&#x27;),
 (&#x27;ur&#x27;, &#x27;Urdu&#x27;),
 (&#x27;uz&#x27;, &#x27;Uzbek&#x27;),
 (&#x27;vi&#x27;, &#x27;Vietnamese&#x27;),
 (&#x27;zh-hans&#x27;, &#x27;Simplified Chinese&#x27;),
 (&#x27;zh-hant&#x27;, &#x27;Traditional Chinese&#x27;)]</pre></td>
        </tr>
      
        <tr>
          <td>LANGUAGES_BIDI</td>
          <td class="code"><pre>[&#x27;he&#x27;, &#x27;ar&#x27;, &#x27;ar-dz&#x27;, &#x27;ckb&#x27;, &#x27;fa&#x27;, 
&#x27;ug&#x27;, &#x27;ur&#x27;]</pre></td>
        </tr>
      
        <tr>
          <td>LANGUAGE_CODE</td>
          <td class="code"><pre>&#x27;en-us&#x27;</pre></td>
        </tr>
      
        <tr>
          <td>LANGUAGE_COOKIE_AGE</td>
          <td class="code"><pre>None</pre></td>
        </tr>
      
        <tr>
          <td>LANGUAGE_COOKIE_DOMAIN</td>
          <td class="code"><pre>None</pre></td>
        </tr>
      
        <tr>
          <td>LANGUAGE_COOKIE_HTTPONLY</td>
          <td class="code"><pre>False</pre></td>
        </tr>
      
        <tr>
          <td>LANGUAGE_COOKIE_NAME</td>
          <td class="code"><pre>&#x27;django_language&#x27;</pre></td>
        </tr>
      
        <tr>
          <td>LANGUAGE_COOKIE_PATH</td>
          <td class="code"><pre>&#x27;/&#x27;</pre></td>
        </tr>
      
        <tr>
          <td>LANGUAGE_COOKIE_SAMESITE</td>
          <td class="code"><pre>None</pre></td>
        </tr>
      
        <tr>
          <td>LANGUAGE_COOKIE_SECURE</td>
          <td class="code"><pre>False</pre></td>
        </tr>
      
        <tr>
          <td>LOCALE_PATHS</td>
          <td class="code"><pre>[]</pre></td>
        </tr>
      
        <tr>
          <td>LOGGING</td>
          <td class="code"><pre>{}</pre></td>
        </tr>
      
        <tr>
          <td>LOGGING_CONFIG</td>
          <td class="code"><pre>&#x27;logging.config.dictConfig&#x27;</pre></td>
        </tr>
      
        <tr>
          <td>LOGIN_REDIRECT_URL</td>
          <td class="code"><pre>&#x27;/accounts/profile/&#x27;</pre></td>
        </tr>
      
        <tr>
          <td>LOGIN_URL</td>
          <td class="code"><pre>&#x27;/accounts/login/&#x27;</pre></td>
        </tr>
      
        <tr>
          <td>LOGOUT_REDIRECT_URL</td>
          <td class="code"><pre>None</pre></td>
        </tr>
      
        <tr>
          <td>MANAGERS</td>
          <td class="code"><pre>[]</pre></td>
        </tr>
      
        <tr>
          <td>MEDIA_ROOT</td>
          <td class="code"><pre>WindowsPath(&#x27;C:/Users/Del/Documents/code/algoflow 
architecture/files/algoflow-multivendor-saas-complete/algoflow-e1/backend/media&#x27;)</pre></td>
        </tr>
      
        <tr>
          <td>MEDIA_URL</td>
          <td class="code"><pre>&#x27;/media/&#x27;</pre></td>
        </tr>
      
        <tr>
          <td>MESSAGE_STORAGE</td>
          <td class="code"><pre>&#x27;django.contrib.messages.storage.fallback.FallbackStorage&#x27;</pre></td>
        </tr>
      
        <tr>
          <td>MIDDLEWARE</td>
          <td class="code"><pre>[&#x27;corsheaders.middleware.CorsMiddleware&#x27;,
 &#x27;django.middleware.security.SecurityMiddleware&#x27;,
 &#x27;django.contrib.sessions.middleware.SessionMiddleware&#x27;,
 &#x27;django.middleware.common.CommonMiddleware&#x27;,
 &#x27;django.middleware.csrf.CsrfViewMiddleware&#x27;,
 &#x27;django.contrib.auth.middleware.AuthenticationMiddleware&#x27;,
 &#x27;django.contrib.messages.middleware.MessageMiddleware&#x27;,
 &#x27;django.middleware.clickjacking.XFrameOptionsMiddleware&#x27;]</pre></td>
        </tr>
      
        <tr>
          <td>MIGRATION_MODULES</td>
          <td class="code"><pre>{}</pre></td>
        </tr>
      
        <tr>
          <td>MONTH_DAY_FORMAT</td>
          <td class="code"><pre>&#x27;F j&#x27;</pre></td>
        </tr>
      
        <tr>
          <td>NUMBER_GROUPING</td>
          <td class="code"><pre>0</pre></td>
        </tr>
      
        <tr>
          <td>PASSWORD_HASHERS</td>
          <td class="code"><pre>&#x27;********************&#x27;</pre></td>
        </tr>
      
        <tr>
          <td>PASSWORD_RESET_TIMEOUT</td>
          <td class="code"><pre>&#x27;********************&#x27;</pre></td>
        </tr>
      
        <tr>
          <td>PREPEND_WWW</td>
          <td class="code"><pre>False</pre></td>
        </tr>
      
        <tr>
          <td>REST_FRAMEWORK</td>
          <td class="code"><pre>{&#x27;DEFAULT_AUTHENTICATION_CLASSES&#x27;: &#x27;********************&#x27;,
 &#x27;DEFAULT_PARSER_CLASSES&#x27;: [&#x27;rest_framework.parsers.JSONParser&#x27;,
                            &#x27;rest_framework.parsers.MultiPartParser&#x27;,
                            &#x27;rest_framework.parsers.FormParser&#x27;],
 &#x27;DEFAULT_PERMISSION_CLASSES&#x27;: [&#x27;rest_framework.permissions.AllowAny&#x27;],
 &#x27;DEFAULT_RENDERER_CLASSES&#x27;: [&#x27;rest_framework.renderers.JSONRenderer&#x27;,
                              &#x27;rest_framework.renderers.BrowsableAPIRenderer&#x27;]}</pre></td>
        </tr>
      
        <tr>
          <td>ROOT_URLCONF</td>
          <td class="code"><pre>&#x27;fixitall_backend.urls&#x27;</pre></td>
        </tr>
      
        <tr>
          <td>SECRET_KEY</td>
          <td class="code"><pre>&#x27;********************&#x27;</pre></td>
        </tr>
      
        <tr>
          <td>SECRET_KEY_FALLBACKS</td>
          <td class="code"><pre>&#x27;********************&#x27;</pre></td>
        </tr>
      
        <tr>
          <td>SECURE_CONTENT_TYPE_NOSNIFF</td>
          <td class="code"><pre>True</pre></td>
        </tr>
      
        <tr>
          <td>SECURE_CROSS_ORIGIN_OPENER_POLICY</td>
          <td class="code"><pre>&#x27;same-origin&#x27;</pre></td>
        </tr>
      
        <tr>
          <td>SECURE_HSTS_INCLUDE_SUBDOMAINS</td>
          <td class="code"><pre>False</pre></td>
        </tr>
      
        <tr>
          <td>SECURE_HSTS_PRELOAD</td>
          <td class="code"><pre>False</pre></td>
        </tr>
      
        <tr>
          <td>SECURE_HSTS_SECONDS</td>
          <td class="code"><pre>0</pre></td>
        </tr>
      
        <tr>
          <td>SECURE_PROXY_SSL_HEADER</td>
          <td class="code"><pre>None</pre></td>
        </tr>
      
        <tr>
          <td>SECURE_REDIRECT_EXEMPT</td>
          <td class="code"><pre>[]</pre></td>
        </tr>
      
        <tr>
          <td>SECURE_REFERRER_POLICY</td>
          <td class="code"><pre>&#x27;same-origin&#x27;</pre></td>
        </tr>
      
        <tr>
          <td>SECURE_SSL_HOST</td>
          <td class="code"><pre>None</pre></td>
        </tr>
      
        <tr>
          <td>SECURE_SSL_REDIRECT</td>
          <td class="code"><pre>False</pre></td>
        </tr>
      
        <tr>
          <td>SERVER_EMAIL</td>
          <td class="code"><pre>&#x27;root@localhost&#x27;</pre></td>
        </tr>
      
        <tr>
          <td>SESSION_CACHE_ALIAS</td>
          <td class="code"><pre>&#x27;default&#x27;</pre></td>
        </tr>
      
        <tr>
          <td>SESSION_COOKIE_AGE</td>
          <td class="code"><pre>1209600</pre></td>
        </tr>
      
        <tr>
          <td>SESSION_COOKIE_DOMAIN</td>
          <td class="code"><pre>None</pre></td>
        </tr>
      
        <tr>
          <td>SESSION_COOKIE_HTTPONLY</td>
          <td class="code"><pre>True</pre></td>
        </tr>
      
        <tr>
          <td>SESSION_COOKIE_NAME</td>
          <td class="code"><pre>&#x27;sessionid&#x27;</pre></td>
        </tr>
      
        <tr>
          <td>SESSION_COOKIE_PATH</td>
          <td class="code"><pre>&#x27;/&#x27;</pre></td>
        </tr>
      
        <tr>
          <td>SESSION_COOKIE_SAMESITE</td>
          <td class="code"><pre>&#x27;Lax&#x27;</pre></td>
        </tr>
      
        <tr>
          <td>SESSION_COOKIE_SECURE</td>
          <td class="code"><pre>False</pre></td>
        </tr>
      
        <tr>
          <td>SESSION_ENGINE</td>
          <td class="code"><pre>&#x27;django.contrib.sessions.backends.db&#x27;</pre></td>
        </tr>
      
        <tr>
          <td>SESSION_EXPIRE_AT_BROWSER_CLOSE</td>
          <td class="code"><pre>False</pre></td>
        </tr>
      
        <tr>
          <td>SESSION_FILE_PATH</td>
          <td class="code"><pre>None</pre></td>
        </tr>
      
        <tr>
          <td>SESSION_SAVE_EVERY_REQUEST</td>
          <td class="code"><pre>False</pre></td>
        </tr>
      
        <tr>
          <td>SESSION_SERIALIZER</td>
          <td class="code"><pre>&#x27;django.contrib.sessions.serializers.JSONSerializer&#x27;</pre></td>
        </tr>
      
        <tr>
          <td>SETTINGS_MODULE</td>
          <td class="code"><pre>&#x27;fixitall_backend.settings&#x27;</pre></td>
        </tr>
      
        <tr>
          <td>SHORT_DATETIME_FORMAT</td>
          <td class="code"><pre>&#x27;m/d/Y P&#x27;</pre></td>
        </tr>
      
        <tr>
          <td>SHORT_DATE_FORMAT</td>
          <td class="code"><pre>&#x27;m/d/Y&#x27;</pre></td>
        </tr>
      
        <tr>
          <td>SIGNING_BACKEND</td>
          <td class="code"><pre>&#x27;django.core.signing.TimestampSigner&#x27;</pre></td>
        </tr>
      
        <tr>
          <td>SILENCED_SYSTEM_CHECKS</td>
          <td class="code"><pre>[]</pre></td>
        </tr>
      
        <tr>
          <td>SIMPLE_JWT</td>
          <td class="code"><pre>{&#x27;ACCESS_TOKEN_LIFETIME&#x27;: &#x27;********************&#x27;,
 &#x27;ALGORITHM&#x27;: &#x27;HS256&#x27;,
 &#x27;AUTH_HEADER_TYPES&#x27;: &#x27;********************&#x27;,
 &#x27;BLACKLIST_AFTER_ROTATION&#x27;: False,
 &#x27;REFRESH_TOKEN_LIFETIME&#x27;: &#x27;********************&#x27;,
 &#x27;ROTATE_REFRESH_TOKENS&#x27;: &#x27;********************&#x27;,
 &#x27;SIGNING_KEY&#x27;: &#x27;********************&#x27;,
 &#x27;UPDATE_LAST_LOGIN&#x27;: True,
 &#x27;USER_ID_CLAIM&#x27;: &#x27;user_id&#x27;,
 &#x27;USER_ID_FIELD&#x27;: &#x27;id&#x27;}</pre></td>
        </tr>
      
        <tr>
          <td>STATICFILES_DIRS</td>
          <td class="code"><pre>[]</pre></td>
        </tr>
      
        <tr>
          <td>STATICFILES_FINDERS</td>
          <td class="code"><pre>[&#x27;django.contrib.staticfiles.finders.FileSystemFinder&#x27;,
 &#x27;django.contrib.staticfiles.finders.AppDirectoriesFinder&#x27;]</pre></td>
        </tr>
      
        <tr>
          <td>STATIC_ROOT</td>
          <td class="code"><pre>None</pre></td>
        </tr>
      
        <tr>
          <td>STATIC_URL</td>
          <td class="code"><pre>&#x27;/static/&#x27;</pre></td>
        </tr>
      
        <tr>
          <td>STORAGES</td>
          <td class="code"><pre>{&#x27;default&#x27;: {&#x27;BACKEND&#x27;: 
&#x27;django.core.files.storage.FileSystemStorage&#x27;},
 &#x27;staticfiles&#x27;: {&#x27;BACKEND&#x27;: 
&#x27;django.contrib.staticfiles.storage.StaticFilesStorage&#x27;}}</pre></td>
        </tr>
      
        <tr>
          <td>TEMPLATES</td>
          <td class="code"><pre>[{&#x27;APP_DIRS&#x27;: True,
  &#x27;BACKEND&#x27;: &#x27;django.template.backends.django.DjangoTemplates&#x27;,
  &#x27;DIRS&#x27;: [],
  &#x27;OPTIONS&#x27;: {&#x27;context_processors&#x27;: [&#x27;django.template.context_processors.debug&#x27;,
                                     &#x27;django.template.context_processors.request&#x27;,
                                     &#x27;django.contrib.auth.context_processors.auth&#x27;,
                                     &#x27;django.contrib.messages.context_processors.messages&#x27;]}}]</pre></td>
        </tr>
      
        <tr>
          <td>TEST_NON_SERIALIZED_APPS</td>
          <td class="code"><pre>[]</pre></td>
        </tr>
      
        <tr>
          <td>TEST_RUNNER</td>
          <td class="code"><pre>&#x27;django.test.runner.DiscoverRunner&#x27;</pre></td>
        </tr>
      
        <tr>
          <td>THOUSAND_SEPARATOR</td>
          <td class="code"><pre>&#x27;,&#x27;</pre></td>
        </tr>
      
        <tr>
          <td>TIME_FORMAT</td>
          <td class="code"><pre>&#x27;P&#x27;</pre></td>
        </tr>
      
        <tr>
          <td>TIME_INPUT_FORMATS</td>
          <td class="code"><pre>[&#x27;%H:%M:%S&#x27;, &#x27;%H:%M:%S.%f&#x27;, &#x27;%H:%M&#x27;]</pre></td>
        </tr>
      
        <tr>
          <td>TIME_ZONE</td>
          <td class="code"><pre>&#x27;UTC&#x27;</pre></td>
        </tr>
      
        <tr>
          <td>USE_I18N</td>
          <td class="code"><pre>True</pre></td>
        </tr>
      
        <tr>
          <td>USE_THOUSAND_SEPARATOR</td>
          <td class="code"><pre>False</pre></td>
        </tr>
      
        <tr>
          <td>USE_TZ</td>
          <td class="code"><pre>True</pre></td>
        </tr>
      
        <tr>
          <td>USE_X_FORWARDED_HOST</td>
          <td class="code"><pre>False</pre></td>
        </tr>
      
        <tr>
          <td>USE_X_FORWARDED_PORT</td>
          <td class="code"><pre>False</pre></td>
        </tr>
      
        <tr>
          <td>WSGI_APPLICATION</td>
          <td class="code"><pre>&#x27;fixitall_backend.wsgi.application&#x27;</pre></td>
        </tr>
      
        <tr>
          <td>X_FRAME_OPTIONS</td>
          <td class="code"><pre>&#x27;DENY&#x27;</pre></td>
        </tr>
      
        <tr>
          <td>YEAR_MONTH_FORMAT</td>
          <td class="code"><pre>&#x27;F Y&#x27;</pre></td>
        </tr>
      
    </tbody>
  </table>

</div>
</main>


  <footer id="explanation">
    <p>
      You뿯ν뿯½뿯½re seeing this error because you have <code>DEBUG = True</code> in your
      Django settings file. Change that to <code>False</code>, and Django will
      display a standard page generated by the handler for this status code.
    </p>
  </footer>

</body>
</html>

    뿯ν뿯½뿯½ [200] /api/admin/service-tickets/ -> Received 0 items
    뿯ν뿯½뿯½ [200] /api/admin/messages/ -> Received 0 items
    뿯ν뿯½뿯½ [200] /api/admin/pos/ -> Received 0 items
    뿯ν뿯½뿯½ [200] /api/admin/hero-settings/ -> Received 1 items
    뿯ν뿯½뿯½ [200] /api/admin/activity/ -> Received 1 items
    뿯ν뿯½뿯½ [200] /api/admin/staff-roles/ -> Received 0 items
    뿯ν뿯½뿯½ [200] /api/admin/staff-members/ -> Received 0 items

[3] Testing CRUD Operations (Neo-Store)...
    뿯ν뿯½뿯½ Create Product FAILED: { slug: [ 'This field is required.' ] }

[4] Testing Tenant Isolation (Quantum Electronics)...
    뿯ν뿯½뿯½ Login successful. Company: Quantum Electronics
    뿯ν뿯½뿯½ Quantum Products Count: 5
    뿯ν뿯½뿯½∩╕뿯½ Warning: Both tenants have the exact same number of products. Verify isolation manually.

=== TEST SUITE COMPLETED ===
